Archive member included to satisfy reference by file (symbol)

/opt/st/stm32cubeide_1.3.0/plugins/com.st.stm32cube.ide.mcu.externaltools.gnu-tools-for-stm32.7-2018-q2-update.linux64_1.4.0.202007081208/tools/bin/../lib/gcc/arm-none-eabi/7.3.1/../../../../arm-none-eabi/lib/thumb/v7e-m/fpv4-sp/hard/libc_nano.a(lib_a-errno.o)
                              Core/Src/syscalls.o (__errno)
/opt/st/stm32cubeide_1.3.0/plugins/com.st.stm32cube.ide.mcu.externaltools.gnu-tools-for-stm32.7-2018-q2-update.linux64_1.4.0.202007081208/tools/bin/../lib/gcc/arm-none-eabi/7.3.1/../../../../arm-none-eabi/lib/thumb/v7e-m/fpv4-sp/hard/libc_nano.a(lib_a-exit.o)
                              /opt/st/stm32cubeide_1.3.0/plugins/com.st.stm32cube.ide.mcu.externaltools.gnu-tools-for-stm32.7-2018-q2-update.linux64_1.4.0.202007081208/tools/bin/../lib/gcc/arm-none-eabi/7.3.1/../../../../arm-none-eabi/lib/thumb/v7e-m/fpv4-sp/hard/crt0.o (exit)
/opt/st/stm32cubeide_1.3.0/plugins/com.st.stm32cube.ide.mcu.externaltools.gnu-tools-for-stm32.7-2018-q2-update.linux64_1.4.0.202007081208/tools/bin/../lib/gcc/arm-none-eabi/7.3.1/../../../../arm-none-eabi/lib/thumb/v7e-m/fpv4-sp/hard/libc_nano.a(lib_a-impure.o)
                              /opt/st/stm32cubeide_1.3.0/plugins/com.st.stm32cube.ide.mcu.externaltools.gnu-tools-for-stm32.7-2018-q2-update.linux64_1.4.0.202007081208/tools/bin/../lib/gcc/arm-none-eabi/7.3.1/../../../../arm-none-eabi/lib/thumb/v7e-m/fpv4-sp/hard/libc_nano.a(lib_a-exit.o) (_global_impure_ptr)
/opt/st/stm32cubeide_1.3.0/plugins/com.st.stm32cube.ide.mcu.externaltools.gnu-tools-for-stm32.7-2018-q2-update.linux64_1.4.0.202007081208/tools/bin/../lib/gcc/arm-none-eabi/7.3.1/../../../../arm-none-eabi/lib/thumb/v7e-m/fpv4-sp/hard/libc_nano.a(lib_a-init.o)
                              /opt/st/stm32cubeide_1.3.0/plugins/com.st.stm32cube.ide.mcu.externaltools.gnu-tools-for-stm32.7-2018-q2-update.linux64_1.4.0.202007081208/tools/bin/../lib/gcc/arm-none-eabi/7.3.1/../../../../arm-none-eabi/lib/thumb/v7e-m/fpv4-sp/hard/crt0.o (__libc_init_array)
/opt/st/stm32cubeide_1.3.0/plugins/com.st.stm32cube.ide.mcu.externaltools.gnu-tools-for-stm32.7-2018-q2-update.linux64_1.4.0.202007081208/tools/bin/../lib/gcc/arm-none-eabi/7.3.1/../../../../arm-none-eabi/lib/thumb/v7e-m/fpv4-sp/hard/libc_nano.a(lib_a-memset.o)
                              /opt/st/stm32cubeide_1.3.0/plugins/com.st.stm32cube.ide.mcu.externaltools.gnu-tools-for-stm32.7-2018-q2-update.linux64_1.4.0.202007081208/tools/bin/../lib/gcc/arm-none-eabi/7.3.1/../../../../arm-none-eabi/lib/thumb/v7e-m/fpv4-sp/hard/crt0.o (memset)
/opt/st/stm32cubeide_1.3.0/plugins/com.st.stm32cube.ide.mcu.externaltools.gnu-tools-for-stm32.7-2018-q2-update.linux64_1.4.0.202007081208/tools/bin/../lib/gcc/arm-none-eabi/7.3.1/thumb/v7e-m/fpv4-sp/hard/libgcc.a(_arm_addsubdf3.o)
                              Core/Src/main.o (__aeabi_dsub)
/opt/st/stm32cubeide_1.3.0/plugins/com.st.stm32cube.ide.mcu.externaltools.gnu-tools-for-stm32.7-2018-q2-update.linux64_1.4.0.202007081208/tools/bin/../lib/gcc/arm-none-eabi/7.3.1/thumb/v7e-m/fpv4-sp/hard/libgcc.a(_arm_muldivdf3.o)
                              Core/Src/main.o (__aeabi_ddiv)
/opt/st/stm32cubeide_1.3.0/plugins/com.st.stm32cube.ide.mcu.externaltools.gnu-tools-for-stm32.7-2018-q2-update.linux64_1.4.0.202007081208/tools/bin/../lib/gcc/arm-none-eabi/7.3.1/thumb/v7e-m/fpv4-sp/hard/libgcc.a(_arm_cmpdf2.o)
                              Core/Src/main.o (__aeabi_dcmplt)
/opt/st/stm32cubeide_1.3.0/plugins/com.st.stm32cube.ide.mcu.externaltools.gnu-tools-for-stm32.7-2018-q2-update.linux64_1.4.0.202007081208/tools/bin/../lib/gcc/arm-none-eabi/7.3.1/thumb/v7e-m/fpv4-sp/hard/libgcc.a(_arm_truncdfsf2.o)
                              Core/Src/main.o (__aeabi_d2f)

Allocating common symbols
Common symbol       size              file

htim4               0x40              Core/Src/tim.o
huart3              0x80              Core/Src/usart.o
hi2c1               0x4c              Core/Src/i2c.o
uwTick              0x4               Drivers/STM32F3xx_HAL_Driver/Src/stm32f3xx_hal.o
pFlash              0x20              Drivers/STM32F3xx_HAL_Driver/Src/stm32f3xx_hal_flash.o
htim3               0x40              Core/Src/tim.o
huart1              0x80              Core/Src/usart.o
htim6               0x40              Core/Src/tim.o

Discarded input sections

 .text          0x0000000000000000        0x0 /opt/st/stm32cubeide_1.3.0/plugins/com.st.stm32cube.ide.mcu.externaltools.gnu-tools-for-stm32.7-2018-q2-update.linux64_1.4.0.202007081208/tools/bin/../lib/gcc/arm-none-eabi/7.3.1/thumb/v7e-m/fpv4-sp/hard/crti.o
 .data          0x0000000000000000        0x0 /opt/st/stm32cubeide_1.3.0/plugins/com.st.stm32cube.ide.mcu.externaltools.gnu-tools-for-stm32.7-2018-q2-update.linux64_1.4.0.202007081208/tools/bin/../lib/gcc/arm-none-eabi/7.3.1/thumb/v7e-m/fpv4-sp/hard/crti.o
[...]
Memory Configuration

Name             Origin             Length             Attributes
CCMRAM           0x0000000010000000 0x0000000000002000 xrw
RAM              0x0000000020000000 0x000000000000a000 xrw
FLASH            0x0000000008000000 0x0000000000040000 xr
*default*        0x0000000000000000 0xffffffffffffffff

Linker script and memory map

LOAD /opt/st/stm32cubeide_1.3.0/plugins/com.st.stm32cube.ide.mcu.externaltools.gnu-tools-for-stm32.7-2018-q2-update.linux64_1.4.0.202007081208/tools/bin/../lib/gcc/arm-none-eabi/7.3.1/thumb/v7e-m/fpv4-sp/hard/crti.o
LOAD /opt/st/stm32cubeide_1.3.0/plugins/com.st.stm32cube.ide.mcu.externaltools.gnu-tools-for-stm32.7-2018-q2-update.linux64_1.4.0.202007081208/tools/bin/../lib/gcc/arm-none-eabi/7.3.1/thumb/v7e-m/fpv4-sp/hard/crtbegin.o
LOAD /opt/st/stm32cubeide_1.3.0/plugins/com.st.stm32cube.ide.mcu.externaltools.gnu-tools-for-stm32.7-2018-q2-update.linux64_1.4.0.202007081208/tools/bin/../lib/gcc/arm-none-eabi/7.3.1/../../../../arm-none-eabi/lib/thumb/v7e-m/fpv4-sp/hard/crt0.o
LOAD Core/Src/PIDlib.o
LOAD Core/Src/Servo.o
LOAD Core/Src/buzzer.o
LOAD Core/Src/gpio.o
LOAD Core/Src/i2c.o
LOAD Core/Src/main.o
LOAD Core/Src/mpu.o
LOAD Core/Src/stm32f3xx_hal_msp.o
LOAD Core/Src/stm32f3xx_it.o
LOAD Core/Src/syscalls.o
LOAD Core/Src/sysmem.o
LOAD Core/Src/system_stm32f3xx.o
LOAD Core/Src/tim.o
LOAD Core/Src/usart.o
LOAD Core/Startup/startup_stm32f303cctx.o
LOAD Drivers/STM32F3xx_HAL_Driver/Src/stm32f3xx_hal.o
LOAD Drivers/STM32F3xx_HAL_Driver/Src/stm32f3xx_hal_cortex.o
LOAD Drivers/STM32F3xx_HAL_Driver/Src/stm32f3xx_hal_dma.o
LOAD Drivers/STM32F3xx_HAL_Driver/Src/stm32f3xx_hal_exti.o
LOAD Drivers/STM32F3xx_HAL_Driver/Src/stm32f3xx_hal_flash.o
LOAD Drivers/STM32F3xx_HAL_Driver/Src/stm32f3xx_hal_flash_ex.o
LOAD Drivers/STM32F3xx_HAL_Driver/Src/stm32f3xx_hal_gpio.o
LOAD Drivers/STM32F3xx_HAL_Driver/Src/stm32f3xx_hal_i2c.o
LOAD Drivers/STM32F3xx_HAL_Driver/Src/stm32f3xx_hal_i2c_ex.o
LOAD Drivers/STM32F3xx_HAL_Driver/Src/stm32f3xx_hal_pwr.o
LOAD Drivers/STM32F3xx_HAL_Driver/Src/stm32f3xx_hal_pwr_ex.o
LOAD Drivers/STM32F3xx_HAL_Driver/Src/stm32f3xx_hal_rcc.o
LOAD Drivers/STM32F3xx_HAL_Driver/Src/stm32f3xx_hal_rcc_ex.o
LOAD Drivers/STM32F3xx_HAL_Driver/Src/stm32f3xx_hal_tim.o
LOAD Drivers/STM32F3xx_HAL_Driver/Src/stm32f3xx_hal_tim_ex.o
LOAD Drivers/STM32F3xx_HAL_Driver/Src/stm32f3xx_hal_uart.o
LOAD Drivers/STM32F3xx_HAL_Driver/Src/stm32f3xx_hal_uart_ex.o
START GROUP
LOAD /opt/st/stm32cubeide_1.3.0/plugins/com.st.stm32cube.ide.mcu.externaltools.gnu-tools-for-stm32.7-2018-q2-update.linux64_1.4.0.202007081208/tools/bin/../lib/gcc/arm-none-eabi/7.3.1/../../../../arm-none-eabi/lib/thumb/v7e-m/fpv4-sp/hard/libstdc++_nano.a
LOAD /opt/st/stm32cubeide_1.3.0/plugins/com.st.stm32cube.ide.mcu.externaltools.gnu-tools-for-stm32.7-2018-q2-update.linux64_1.4.0.202007081208/tools/bin/../lib/gcc/arm-none-eabi/7.3.1/../../../../arm-none-eabi/lib/thumb/v7e-m/fpv4-sp/hard/libsupc++_nano.a
END GROUP
LOAD /opt/st/stm32cubeide_1.3.0/plugins/com.st.stm32cube.ide.mcu.externaltools.gnu-tools-for-stm32.7-2018-q2-update.linux64_1.4.0.202007081208/tools/bin/../lib/gcc/arm-none-eabi/7.3.1/../../../../arm-none-eabi/lib/thumb/v7e-m/fpv4-sp/hard/libstdc++_nano.a
LOAD /opt/st/stm32cubeide_1.3.0/plugins/com.st.stm32cube.ide.mcu.externaltools.gnu-tools-for-stm32.7-2018-q2-update.linux64_1.4.0.202007081208/tools/bin/../lib/gcc/arm-none-eabi/7.3.1/../../../../arm-none-eabi/lib/thumb/v7e-m/fpv4-sp/hard/libm.a
LOAD /opt/st/stm32cubeide_1.3.0/plugins/com.st.stm32cube.ide.mcu.externaltools.gnu-tools-for-stm32.7-2018-q2-update.linux64_1.4.0.202007081208/tools/bin/../lib/gcc/arm-none-eabi/7.3.1/../../../../arm-none-eabi/lib/thumb/v7e-m/fpv4-sp/hard/libc_nano.a
START GROUP
LOAD /opt/st/stm32cubeide_1.3.0/plugins/com.st.stm32cube.ide.mcu.externaltools.gnu-tools-for-stm32.7-2018-q2-update.linux64_1.4.0.202007081208/tools/bin/../lib/gcc/arm-none-eabi/7.3.1/thumb/v7e-m/fpv4-sp/hard/libgcc.a
LOAD /opt/st/stm32cubeide_1.3.0/plugins/com.st.stm32cube.ide.mcu.externaltools.gnu-tools-for-stm32.7-2018-q2-update.linux64_1.4.0.202007081208/tools/bin/../lib/gcc/arm-none-eabi/7.3.1/../../../../arm-none-eabi/lib/thumb/v7e-m/fpv4-sp/hard/libc_nano.a
END GROUP
START GROUP
LOAD /opt/st/stm32cubeide_1.3.0/plugins/com.st.stm32cube.ide.mcu.externaltools.gnu-tools-for-stm32.7-2018-q2-update.linux64_1.4.0.202007081208/tools/bin/../lib/gcc/arm-none-eabi/7.3.1/thumb/v7e-m/fpv4-sp/hard/libgcc.a
LOAD /opt/st/stm32cubeide_1.3.0/plugins/com.st.stm32cube.ide.mcu.externaltools.gnu-tools-for-stm32.7-2018-q2-update.linux64_1.4.0.202007081208/tools/bin/../lib/gcc/arm-none-eabi/7.3.1/../../../../arm-none-eabi/lib/thumb/v7e-m/fpv4-sp/hard/libc_nano.a
LOAD /opt/st/stm32cubeide_1.3.0/plugins/com.st.stm32cube.ide.mcu.externaltools.gnu-tools-for-stm32.7-2018-q2-update.linux64_1.4.0.202007081208/tools/bin/../lib/gcc/arm-none-eabi/7.3.1/../../../../arm-none-eabi/lib/thumb/v7e-m/fpv4-sp/hard/libnosys.a
END GROUP
START GROUP
LOAD /opt/st/stm32cubeide_1.3.0/plugins/com.st.stm32cube.ide.mcu.externaltools.gnu-tools-for-stm32.7-2018-q2-update.linux64_1.4.0.202007081208/tools/bin/../lib/gcc/arm-none-eabi/7.3.1/thumb/v7e-m/fpv4-sp/hard/libgcc.a
LOAD /opt/st/stm32cubeide_1.3.0/plugins/com.st.stm32cube.ide.mcu.externaltools.gnu-tools-for-stm32.7-2018-q2-update.linux64_1.4.0.202007081208/tools/bin/../lib/gcc/arm-none-eabi/7.3.1/../../../../arm-none-eabi/lib/thumb/v7e-m/fpv4-sp/hard/libc_nano.a
LOAD /opt/st/stm32cubeide_1.3.0/plugins/com.st.stm32cube.ide.mcu.externaltools.gnu-tools-for-stm32.7-2018-q2-update.linux64_1.4.0.202007081208/tools/bin/../lib/gcc/arm-none-eabi/7.3.1/../../../../arm-none-eabi/lib/thumb/v7e-m/fpv4-sp/hard/libnosys.a
END GROUP
LOAD /opt/st/stm32cubeide_1.3.0/plugins/com.st.stm32cube.ide.mcu.externaltools.gnu-tools-for-stm32.7-2018-q2-update.linux64_1.4.0.202007081208/tools/bin/../lib/gcc/arm-none-eabi/7.3.1/thumb/v7e-m/fpv4-sp/hard/crtend.o
LOAD /opt/st/stm32cubeide_1.3.0/plugins/com.st.stm32cube.ide.mcu.externaltools.gnu-tools-for-stm32.7-2018-q2-update.linux64_1.4.0.202007081208/tools/bin/../lib/gcc/arm-none-eabi/7.3.1/thumb/v7e-m/fpv4-sp/hard/crtn.o
                0x000000002000a000                _estack = (ORIGIN (RAM) + LENGTH (RAM))
                0x0000000000000200                _Min_Heap_Size = 0x200
                0x0000000000000400                _Min_Stack_Size = 0x400

.isr_vector     0x0000000008000000      0x188
                0x0000000008000000                . = ALIGN (0x4)
 *(.isr_vector)
 .isr_vector    0x0000000008000000      0x188 Core/Startup/startup_stm32f303cctx.o
                0x0000000008000000                g_pfnVectors
                0x0000000008000188                . = ALIGN (0x4)

.text           0x0000000008000188     0x6910
                0x0000000008000188                . = ALIGN (0x4)
 *(.text)
 .text          0x0000000008000188       0x40 /opt/st/stm32cubeide_1.3.0/plugins/com.st.stm32cube.ide.mcu.externaltools.gnu-tools-for-stm32.7-2018-q2-update.linux64_1.4.0.202007081208/tools/bin/../lib/gcc/arm-none-eabi/7.3.1/thumb/v7e-m/fpv4-sp/hard/crtbegin.o
 .text          0x00000000080001c8      0x378 /opt/st/stm32cubeide_1.3.0/plugins/com.st.stm32cube.ide.mcu.externaltools.gnu-tools-for-stm32.7-2018-q2-update.linux64_1.4.0.202007081208/tools/bin/../lib/gcc/arm-none-eabi/7.3.1/thumb/v7e-m/fpv4-sp/hard/libgcc.a(_arm_addsubdf3.o)
                0x00000000080001c8                __aeabi_drsub
                0x00000000080001d0                __aeabi_dsub
                0x00000000080001d0                __subdf3
                0x00000000080001d4                __adddf3
                0x00000000080001d4                __aeabi_dadd
                0x000000000800044c                __aeabi_ui2d
                0x000000000800044c                __floatunsidf
                0x000000000800046c                __floatsidf
                0x000000000800046c                __aeabi_i2d
                0x0000000008000490                __extendsfdf2
                0x0000000008000490                __aeabi_f2d
                0x00000000080004d4                __aeabi_ul2d
                0x00000000080004d4                __floatundidf
                0x00000000080004e4                __floatdidf
                0x00000000080004e4                __aeabi_l2d
 .text          0x0000000008000540      0x424 /opt/st/stm32cubeide_1.3.0/plugins/com.st.stm32cube.ide.mcu.externaltools.gnu-tools-for-stm32.7-2018-q2-update.linux64_1.4.0.202007081208/tools/bin/../lib/gcc/arm-none-eabi/7.3.1/thumb/v7e-m/fpv4-sp/hard/libgcc.a(_arm_muldivdf3.o)
                0x0000000008000540                __aeabi_dmul
                0x0000000008000540                __muldf3
                0x0000000008000794                __aeabi_ddiv
                0x0000000008000794                __divdf3
 .text          0x0000000008000964      0x110 /opt/st/stm32cubeide_1.3.0/plugins/com.st.stm32cube.ide.mcu.externaltools.gnu-tools-for-stm32.7-2018-q2-update.linux64_1.4.0.202007081208/tools/bin/../lib/gcc/arm-none-eabi/7.3.1/thumb/v7e-m/fpv4-sp/hard/libgcc.a(_arm_cmpdf2.o)
                0x0000000008000964                __gtdf2
                0x0000000008000964                __gedf2
                0x000000000800096c                __ltdf2
                0x000000000800096c                __ledf2
                0x0000000008000974                __cmpdf2
                0x0000000008000974                __eqdf2
                0x0000000008000974                __nedf2
                0x00000000080009f0                __aeabi_cdrcmple
                0x0000000008000a00                __aeabi_cdcmple
                0x0000000008000a00                __aeabi_cdcmpeq
                0x0000000008000a10                __aeabi_dcmpeq
                0x0000000008000a24                __aeabi_dcmplt
                0x0000000008000a38                __aeabi_dcmple
                0x0000000008000a4c                __aeabi_dcmpge
                0x0000000008000a60                __aeabi_dcmpgt
 .text          0x0000000008000a74       0xa0 /opt/st/stm32cubeide_1.3.0/plugins/com.st.stm32cube.ide.mcu.externaltools.gnu-tools-for-stm32.7-2018-q2-update.linux64_1.4.0.202007081208/tools/bin/../lib/gcc/arm-none-eabi/7.3.1/thumb/v7e-m/fpv4-sp/hard/libgcc.a(_arm_truncdfsf2.o)
                0x0000000008000a74                __aeabi_d2f
                0x0000000008000a74                __truncdfsf2
 *(.text*)
 .text._ZN3PIDC2Ev
                0x0000000008000b14       0x46 Core/Src/PIDlib.o
                0x0000000008000b14                PID::PID()
                0x0000000008000b14                PID::PID()
 .text._ZN3PID6updateEf
                0x0000000008000b5a       0xd4 Core/Src/PIDlib.o
                0x0000000008000b5a                PID::update(float)
 .text._ZN3PID9setPidAllEffff
                0x0000000008000c2e       0x3c Core/Src/PIDlib.o
                0x0000000008000c2e                PID::setPidAll(float, float, float, float)
 .text._ZN5ServoC2EtttPVm
                0x0000000008000c6a       0x58 Core/Src/Servo.o
                0x0000000008000c6a                Servo::Servo(unsigned short, unsigned short, unsigned short, unsigned long volatile*)
                0x0000000008000c6a                Servo::Servo(unsigned short, unsigned short, unsigned short, unsigned long volatile*)
 *fill*         0x0000000008000cc2        0x2 
 .text._ZN5Servo8set_normEf
                0x0000000008000cc4       0xc8 Core/Src/Servo.o
                0x0000000008000cc4                Servo::set_norm(float)
 .text.buzzer_enqueue
                0x0000000008000d8c       0xa8 Core/Src/buzzer.o
                0x0000000008000d8c                buzzer_enqueue
 .text.buzzer_next
                0x0000000008000e34       0xe4 Core/Src/buzzer.o
                0x0000000008000e34                buzzer_next
 .text.buzzer_wait
                0x0000000008000f18       0x20 Core/Src/buzzer.o
                0x0000000008000f18                buzzer_wait
 .text.MX_GPIO_Init
                0x0000000008000f38       0xf0 Core/Src/gpio.o
                0x0000000008000f38                MX_GPIO_Init
 .text.MX_I2C1_Init
                0x0000000008001028       0x7c Core/Src/i2c.o
                0x0000000008001028                MX_I2C1_Init
 .text.HAL_I2C_MspInit
                0x00000000080010a4       0x88 Core/Src/i2c.o
                0x00000000080010a4                HAL_I2C_MspInit
 .text.HAL_TIM_PeriodElapsedCallback
                0x000000000800112c       0x14 Core/Src/main.o
                0x000000000800112c                HAL_TIM_PeriodElapsedCallback
 .text.HAL_GPIO_EXTI_Callback
                0x0000000008001140       0x28 Core/Src/main.o
                0x0000000008001140                HAL_GPIO_EXTI_Callback
 .text.USART3_IRQHandler
                0x0000000008001168       0xa8 Core/Src/main.o
                0x0000000008001168                USART3_IRQHandler
 .text._Z10ibus_parsePVhh
                0x0000000008001210      0x384 Core/Src/main.o
                0x0000000008001210                ibus_parse(unsigned char volatile*, unsigned char)
 .text._Z12startup_tonev
                0x0000000008001594       0x70 Core/Src/main.o
                0x0000000008001594                startup_tone()
 *fill*         0x0000000008001604        0x4 
 .text.main     0x0000000008001608      0x6e0 Core/Src/main.o
                0x0000000008001608                main
 .text._Z18SystemClock_Configv
                0x0000000008001ce8       0xd2 Core/Src/main.o
                0x0000000008001ce8                SystemClock_Config()
 .text.Error_Handler
                0x0000000008001dba        0xe Core/Src/main.o
                0x0000000008001dba                Error_Handler
 .text._ZN3MpuC2EP19__I2C_HandleTypeDef
                0x0000000008001dc8       0x68 Core/Src/mpu.o
                0x0000000008001dc8                Mpu::Mpu(__I2C_HandleTypeDef*)
                0x0000000008001dc8                Mpu::Mpu(__I2C_HandleTypeDef*)
 .text._ZN3Mpu18mpu_set_gyro_rangeE14MPU_gyro_range
                0x0000000008001e30       0x3c Core/Src/mpu.o
                0x0000000008001e30                Mpu::mpu_set_gyro_range(MPU_gyro_range)
 .text._ZN3Mpu19mpu_set_accel_rangeE15MPU_accel_range
                0x0000000008001e6c       0x3c Core/Src/mpu.o
                0x0000000008001e6c                Mpu::mpu_set_accel_range(MPU_accel_range)
 .text._ZN3Mpu17mpu_set_interruptEhh
                0x0000000008001ea8       0x30 Core/Src/mpu.o
                0x0000000008001ea8                Mpu::mpu_set_interrupt(unsigned char, unsigned char)
 .text._ZN3Mpu17mpu_read_gyro_rawEPs
                0x0000000008001ed8       0x6a Core/Src/mpu.o
                0x0000000008001ed8                Mpu::mpu_read_gyro_raw(short*)
 .text._ZN3Mpu21mpu_read_gyro_raw_calEPs
                0x0000000008001f42       0x9a Core/Src/mpu.o
                0x0000000008001f42                Mpu::mpu_read_gyro_raw_cal(short*)
 .text._ZN3Mpu18mpu_read_gyro_normEPf
                0x0000000008001fdc       0x76 Core/Src/mpu.o
                0x0000000008001fdc                Mpu::mpu_read_gyro_norm(float*)
 .text._ZN3Mpu17mpu_set_power_cfgEhh15MPU_wakeup_freq14MPU_clk_source
                0x0000000008002052       0x60 Core/Src/mpu.o
                0x0000000008002052                Mpu::mpu_set_power_cfg(unsigned char, unsigned char, MPU_wakeup_freq, MPU_clk_source)
 .text._ZN3Mpu22mpu_set_samplerate_divEh
                0x00000000080020b2       0x20 Core/Src/mpu.o
                0x00000000080020b2                Mpu::mpu_set_samplerate_div(unsigned char)
 .text._ZN3Mpu15mpu_set_lowpassE12MPU_lpf_freq
                0x00000000080020d2       0x26 Core/Src/mpu.o
                0x00000000080020d2                Mpu::mpu_set_lowpass(MPU_lpf_freq)
 .text._ZN3Mpu18mpu_gyro_calibrateEhP12GPIO_TypeDeft
                0x00000000080020f8       0xb2 Core/Src/mpu.o
                0x00000000080020f8                Mpu::mpu_gyro_calibrate(unsigned char, GPIO_TypeDef*, unsigned short)
 .text._ZN3Mpu14mpu_write_byteEhh
                0x00000000080021aa       0x38 Core/Src/mpu.o
                0x00000000080021aa                Mpu::mpu_write_byte(unsigned char, unsigned char)
 *fill*         0x00000000080021e2        0x2 
 .text.HAL_MspInit
                0x00000000080021e4       0x48 Core/Src/stm32f3xx_hal_msp.o
                0x00000000080021e4                HAL_MspInit
 .text.NMI_Handler
                0x000000000800222c        0xe Core/Src/stm32f3xx_it.o
                0x000000000800222c                NMI_Handler
 .text.HardFault_Handler
                0x000000000800223a        0x6 Core/Src/stm32f3xx_it.o
                0x000000000800223a                HardFault_Handler
 .text.MemManage_Handler
                0x0000000008002240        0x6 Core/Src/stm32f3xx_it.o
                0x0000000008002240                MemManage_Handler
 .text.BusFault_Handler
                0x0000000008002246        0x6 Core/Src/stm32f3xx_it.o
                0x0000000008002246                BusFault_Handler
 .text.UsageFault_Handler
                0x000000000800224c        0x6 Core/Src/stm32f3xx_it.o
                0x000000000800224c                UsageFault_Handler
 .text.SVC_Handler
                0x0000000008002252        0xe Core/Src/stm32f3xx_it.o
                0x0000000008002252                SVC_Handler
 .text.DebugMon_Handler
                0x0000000008002260        0xe Core/Src/stm32f3xx_it.o
                0x0000000008002260                DebugMon_Handler
 .text.PendSV_Handler
                0x000000000800226e        0xe Core/Src/stm32f3xx_it.o
                0x000000000800226e                PendSV_Handler
 .text.SysTick_Handler
                0x000000000800227c        0xc Core/Src/stm32f3xx_it.o
                0x000000000800227c                SysTick_Handler
 .text.EXTI15_10_IRQHandler
                0x0000000008002288       0x10 Core/Src/stm32f3xx_it.o
                0x0000000008002288                EXTI15_10_IRQHandler
 .text.TIM6_DAC_IRQHandler
                0x0000000008002298       0x14 Core/Src/stm32f3xx_it.o
                0x0000000008002298                TIM6_DAC_IRQHandler
 .text.SystemInit
                0x00000000080022ac       0x2c Core/Src/system_stm32f3xx.o
                0x00000000080022ac                SystemInit
 .text.MX_TIM3_Init
                0x00000000080022d8       0xcc Core/Src/tim.o
                0x00000000080022d8                MX_TIM3_Init
 .text.MX_TIM4_Init
                0x00000000080023a4       0xe4 Core/Src/tim.o
                0x00000000080023a4                MX_TIM4_Init
 .text.MX_TIM6_Init
                0x0000000008002488       0x80 Core/Src/tim.o
                0x0000000008002488                MX_TIM6_Init
 .text.HAL_TIM_PWM_MspInit
                0x0000000008002508       0x68 Core/Src/tim.o
                0x0000000008002508                HAL_TIM_PWM_MspInit
 .text.HAL_TIM_Base_MspInit
                0x0000000008002570       0x4c Core/Src/tim.o
                0x0000000008002570                HAL_TIM_Base_MspInit
 .text.HAL_TIM_MspPostInit
                0x00000000080025bc       0xf8 Core/Src/tim.o
                0x00000000080025bc                HAL_TIM_MspPostInit
 .text.MX_USART1_UART_Init
                0x00000000080026b4       0x68 Core/Src/usart.o
                0x00000000080026b4                MX_USART1_UART_Init
 .text.MX_USART3_UART_Init
                0x000000000800271c       0x60 Core/Src/usart.o
                0x000000000800271c                MX_USART3_UART_Init
 .text.HAL_UART_MspInit
                0x000000000800277c       0xfc Core/Src/usart.o
                0x000000000800277c                HAL_UART_MspInit
 .text.Reset_Handler
                0x0000000008002878       0x50 Core/Startup/startup_stm32f303cctx.o
                0x0000000008002878                Reset_Handler
 .text.Default_Handler
                0x00000000080028c8        0x2 Core/Startup/startup_stm32f303cctx.o
                0x00000000080028c8                RTC_Alarm_IRQHandler
                0x00000000080028c8                TIM8_TRG_COM_IRQHandler
                0x00000000080028c8                TIM8_CC_IRQHandler
                0x00000000080028c8                TIM1_CC_IRQHandler
                0x00000000080028c8                USB_HP_IRQHandler
                0x00000000080028c8                PVD_IRQHandler
                0x00000000080028c8                TAMP_STAMP_IRQHandler
                0x00000000080028c8                EXTI3_IRQHandler
                0x00000000080028c8                USB_HP_CAN_TX_IRQHandler
                0x00000000080028c8                EXTI0_IRQHandler
                0x00000000080028c8                I2C2_EV_IRQHandler
                0x00000000080028c8                FPU_IRQHandler
                0x00000000080028c8                TIM1_UP_TIM16_IRQHandler
                0x00000000080028c8                ADC1_2_IRQHandler
                0x00000000080028c8                SPI1_IRQHandler
                0x00000000080028c8                CAN_SCE_IRQHandler
                0x00000000080028c8                TIM8_UP_IRQHandler
                0x00000000080028c8                DMA2_Channel2_IRQHandler
                0x00000000080028c8                DMA1_Channel4_IRQHandler
                0x00000000080028c8                DMA1_Channel7_IRQHandler
                0x00000000080028c8                UART5_IRQHandler
                0x00000000080028c8                ADC3_IRQHandler
                0x00000000080028c8                TIM4_IRQHandler
                0x00000000080028c8                CAN_RX1_IRQHandler
                0x00000000080028c8                DMA2_Channel1_IRQHandler
                0x00000000080028c8                I2C1_EV_IRQHandler
                0x00000000080028c8                DMA1_Channel6_IRQHandler
                0x00000000080028c8                UART4_IRQHandler
                0x00000000080028c8                DMA2_Channel4_IRQHandler
                0x00000000080028c8                TIM3_IRQHandler
                0x00000000080028c8                RCC_IRQHandler
                0x00000000080028c8                DMA1_Channel1_IRQHandler
                0x00000000080028c8                Default_Handler
                0x00000000080028c8                USBWakeUp_RMP_IRQHandler
                0x00000000080028c8                TIM7_IRQHandler
                0x00000000080028c8                EXTI9_5_IRQHandler
                0x00000000080028c8                RTC_WKUP_IRQHandler
                0x00000000080028c8                SPI2_IRQHandler
                0x00000000080028c8                USB_LP_CAN_RX0_IRQHandler
                0x00000000080028c8                DMA2_Channel5_IRQHandler
                0x00000000080028c8                DMA1_Channel5_IRQHandler
                0x00000000080028c8                USB_LP_IRQHandler
                0x00000000080028c8                EXTI4_IRQHandler
                0x00000000080028c8                TIM1_TRG_COM_TIM17_IRQHandler
                0x00000000080028c8                DMA1_Channel3_IRQHandler
                0x00000000080028c8                ADC4_IRQHandler
                0x00000000080028c8                WWDG_IRQHandler
                0x00000000080028c8                TIM2_IRQHandler
                0x00000000080028c8                COMP7_IRQHandler
                0x00000000080028c8                COMP1_2_3_IRQHandler
                0x00000000080028c8                EXTI1_IRQHandler
                0x00000000080028c8                USART2_IRQHandler
                0x00000000080028c8                COMP4_5_6_IRQHandler
                0x00000000080028c8                I2C2_ER_IRQHandler
                0x00000000080028c8                DMA1_Channel2_IRQHandler
                0x00000000080028c8                TIM8_BRK_IRQHandler
                0x00000000080028c8                FLASH_IRQHandler
                0x00000000080028c8                USART1_IRQHandler
                0x00000000080028c8                SPI3_IRQHandler
                0x00000000080028c8                I2C1_ER_IRQHandler
                0x00000000080028c8                USBWakeUp_IRQHandler
                0x00000000080028c8                DMA2_Channel3_IRQHandler
                0x00000000080028c8                EXTI2_TSC_IRQHandler
                0x00000000080028c8                TIM1_BRK_TIM15_IRQHandler
 *fill*         0x00000000080028ca        0x2 
 .text.HAL_Init
                0x00000000080028cc       0x2c Drivers/STM32F3xx_HAL_Driver/Src/stm32f3xx_hal.o
                0x00000000080028cc                HAL_Init
 .text.HAL_InitTick
                0x00000000080028f8       0x60 Drivers/STM32F3xx_HAL_Driver/Src/stm32f3xx_hal.o
                0x00000000080028f8                HAL_InitTick
 .text.HAL_IncTick
                0x0000000008002958       0x28 Drivers/STM32F3xx_HAL_Driver/Src/stm32f3xx_hal.o
                0x0000000008002958                HAL_IncTick
 .text.HAL_GetTick
                0x0000000008002980       0x18 Drivers/STM32F3xx_HAL_Driver/Src/stm32f3xx_hal.o
                0x0000000008002980                HAL_GetTick
 .text.HAL_Delay
                0x0000000008002998       0x44 Drivers/STM32F3xx_HAL_Driver/Src/stm32f3xx_hal.o
                0x0000000008002998                HAL_Delay
 .text.__NVIC_SetPriorityGrouping
                0x00000000080029dc       0x48 Drivers/STM32F3xx_HAL_Driver/Src/stm32f3xx_hal_cortex.o
 .text.__NVIC_GetPriorityGrouping
                0x0000000008002a24       0x1c Drivers/STM32F3xx_HAL_Driver/Src/stm32f3xx_hal_cortex.o
 .text.__NVIC_EnableIRQ
                0x0000000008002a40       0x3c Drivers/STM32F3xx_HAL_Driver/Src/stm32f3xx_hal_cortex.o
 .text.__NVIC_SetPriority
                0x0000000008002a7c       0x54 Drivers/STM32F3xx_HAL_Driver/Src/stm32f3xx_hal_cortex.o
 .text.NVIC_EncodePriority
                0x0000000008002ad0       0x66 Drivers/STM32F3xx_HAL_Driver/Src/stm32f3xx_hal_cortex.o
 *fill*         0x0000000008002b36        0x2 
 .text.SysTick_Config
                0x0000000008002b38       0x44 Drivers/STM32F3xx_HAL_Driver/Src/stm32f3xx_hal_cortex.o
 .text.HAL_NVIC_SetPriorityGrouping
                0x0000000008002b7c       0x16 Drivers/STM32F3xx_HAL_Driver/Src/stm32f3xx_hal_cortex.o
                0x0000000008002b7c                HAL_NVIC_SetPriorityGrouping
 .text.HAL_NVIC_SetPriority
                0x0000000008002b92       0x38 Drivers/STM32F3xx_HAL_Driver/Src/stm32f3xx_hal_cortex.o
                0x0000000008002b92                HAL_NVIC_SetPriority
 .text.HAL_NVIC_EnableIRQ
                0x0000000008002bca       0x1c Drivers/STM32F3xx_HAL_Driver/Src/stm32f3xx_hal_cortex.o
                0x0000000008002bca                HAL_NVIC_EnableIRQ
 .text.HAL_SYSTICK_Config
                0x0000000008002be6       0x18 Drivers/STM32F3xx_HAL_Driver/Src/stm32f3xx_hal_cortex.o
                0x0000000008002be6                HAL_SYSTICK_Config
 .text.HAL_DMA_Abort_IT
                0x0000000008002bfe       0x7c Drivers/STM32F3xx_HAL_Driver/Src/stm32f3xx_hal_dma.o
                0x0000000008002bfe                HAL_DMA_Abort_IT
 *fill*         0x0000000008002c7a        0x2 
 .text.HAL_GPIO_Init
                0x0000000008002c7c      0x2f4 Drivers/STM32F3xx_HAL_Driver/Src/stm32f3xx_hal_gpio.o
                0x0000000008002c7c                HAL_GPIO_Init
 .text.HAL_GPIO_ReadPin
                0x0000000008002f70       0x30 Drivers/STM32F3xx_HAL_Driver/Src/stm32f3xx_hal_gpio.o
                0x0000000008002f70                HAL_GPIO_ReadPin
 .text.HAL_GPIO_WritePin
                0x0000000008002fa0       0x30 Drivers/STM32F3xx_HAL_Driver/Src/stm32f3xx_hal_gpio.o
                0x0000000008002fa0                HAL_GPIO_WritePin
 .text.HAL_GPIO_EXTI_IRQHandler
                0x0000000008002fd0       0x30 Drivers/STM32F3xx_HAL_Driver/Src/stm32f3xx_hal_gpio.o
                0x0000000008002fd0                HAL_GPIO_EXTI_IRQHandler
 .text.HAL_I2C_Init
                0x0000000008003000      0x11e Drivers/STM32F3xx_HAL_Driver/Src/stm32f3xx_hal_i2c.o
                0x0000000008003000                HAL_I2C_Init
 *fill*         0x000000000800311e        0x2 
 .text.HAL_I2C_Master_Transmit
                0x0000000008003120      0x1e8 Drivers/STM32F3xx_HAL_Driver/Src/stm32f3xx_hal_i2c.o
                0x0000000008003120                HAL_I2C_Master_Transmit
 .text.HAL_I2C_Mem_Read
                0x0000000008003308      0x234 Drivers/STM32F3xx_HAL_Driver/Src/stm32f3xx_hal_i2c.o
                0x0000000008003308                HAL_I2C_Mem_Read
 .text.I2C_RequestMemoryRead
                0x000000000800353c       0xa8 Drivers/STM32F3xx_HAL_Driver/Src/stm32f3xx_hal_i2c.o
 .text.I2C_Flush_TXDR
                0x00000000080035e4       0x48 Drivers/STM32F3xx_HAL_Driver/Src/stm32f3xx_hal_i2c.o
 .text.I2C_WaitOnFlagUntilTimeout
                0x000000000800362c       0x80 Drivers/STM32F3xx_HAL_Driver/Src/stm32f3xx_hal_i2c.o
 .text.I2C_WaitOnTXISFlagUntilTimeout
                0x00000000080036ac       0x80 Drivers/STM32F3xx_HAL_Driver/Src/stm32f3xx_hal_i2c.o
 .text.I2C_WaitOnSTOPFlagUntilTimeout
                0x000000000800372c       0x78 Drivers/STM32F3xx_HAL_Driver/Src/stm32f3xx_hal_i2c.o
 .text.I2C_IsAcknowledgeFailed
                0x00000000080037a4       0xcc Drivers/STM32F3xx_HAL_Driver/Src/stm32f3xx_hal_i2c.o
 .text.I2C_TransferConfig
                0x0000000008003870       0x5c Drivers/STM32F3xx_HAL_Driver/Src/stm32f3xx_hal_i2c.o
 .text.HAL_I2CEx_ConfigAnalogFilter
                0x00000000080038cc       0x96 Drivers/STM32F3xx_HAL_Driver/Src/stm32f3xx_hal_i2c_ex.o
                0x00000000080038cc                HAL_I2CEx_ConfigAnalogFilter
 .text.HAL_I2CEx_ConfigDigitalFilter
                0x0000000008003962       0x98 Drivers/STM32F3xx_HAL_Driver/Src/stm32f3xx_hal_i2c_ex.o
                0x0000000008003962                HAL_I2CEx_ConfigDigitalFilter
 *fill*         0x00000000080039fa        0x2 
 .text.HAL_RCC_OscConfig
                0x00000000080039fc      0xe10 Drivers/STM32F3xx_HAL_Driver/Src/stm32f3xx_hal_rcc.o
                0x00000000080039fc                HAL_RCC_OscConfig
 .text.HAL_RCC_ClockConfig
                0x000000000800480c      0x2f8 Drivers/STM32F3xx_HAL_Driver/Src/stm32f3xx_hal_rcc.o
                0x000000000800480c                HAL_RCC_ClockConfig
 .text.HAL_RCC_GetSysClockFreq
                0x0000000008004b04       0xd4 Drivers/STM32F3xx_HAL_Driver/Src/stm32f3xx_hal_rcc.o
                0x0000000008004b04                HAL_RCC_GetSysClockFreq
 .text.HAL_RCC_GetHCLKFreq
                0x0000000008004bd8       0x18 Drivers/STM32F3xx_HAL_Driver/Src/stm32f3xx_hal_rcc.o
                0x0000000008004bd8                HAL_RCC_GetHCLKFreq
 .text.HAL_RCC_GetPCLK1Freq
                0x0000000008004bf0       0x44 Drivers/STM32F3xx_HAL_Driver/Src/stm32f3xx_hal_rcc.o
                0x0000000008004bf0                HAL_RCC_GetPCLK1Freq
 .text.HAL_RCC_GetPCLK2Freq
                0x0000000008004c34       0x44 Drivers/STM32F3xx_HAL_Driver/Src/stm32f3xx_hal_rcc.o
                0x0000000008004c34                HAL_RCC_GetPCLK2Freq
 .text.HAL_RCCEx_PeriphCLKConfig
                0x0000000008004c78      0x360 Drivers/STM32F3xx_HAL_Driver/Src/stm32f3xx_hal_rcc_ex.o
                0x0000000008004c78                HAL_RCCEx_PeriphCLKConfig
 .text.HAL_TIM_Base_Init
                0x0000000008004fd8       0x56 Drivers/STM32F3xx_HAL_Driver/Src/stm32f3xx_hal_tim.o
                0x0000000008004fd8                HAL_TIM_Base_Init
 *fill*         0x000000000800502e        0x2 
 .text.HAL_TIM_Base_Start_IT
                0x0000000008005030       0x54 Drivers/STM32F3xx_HAL_Driver/Src/stm32f3xx_hal_tim.o
                0x0000000008005030                HAL_TIM_Base_Start_IT
 .text.HAL_TIM_PWM_Init
                0x0000000008005084       0x56 Drivers/STM32F3xx_HAL_Driver/Src/stm32f3xx_hal_tim.o
                0x0000000008005084                HAL_TIM_PWM_Init
 *fill*         0x00000000080050da        0x2 
 .text.HAL_TIM_PWM_Start
                0x00000000080050dc       0xb0 Drivers/STM32F3xx_HAL_Driver/Src/stm32f3xx_hal_tim.o
                0x00000000080050dc                HAL_TIM_PWM_Start
 .text.HAL_TIM_OnePulse_Init
                0x000000000800518c       0x78 Drivers/STM32F3xx_HAL_Driver/Src/stm32f3xx_hal_tim.o
                0x000000000800518c                HAL_TIM_OnePulse_Init
 .text.HAL_TIM_OnePulse_MspInit
                0x0000000008005204       0x14 Drivers/STM32F3xx_HAL_Driver/Src/stm32f3xx_hal_tim.o
                0x0000000008005204                HAL_TIM_OnePulse_MspInit
 .text.HAL_TIM_IRQHandler
                0x0000000008005218      0x23e Drivers/STM32F3xx_HAL_Driver/Src/stm32f3xx_hal_tim.o
                0x0000000008005218                HAL_TIM_IRQHandler
 *fill*         0x0000000008005456        0x2 
 .text.HAL_TIM_PWM_ConfigChannel
                0x0000000008005458      0x230 Drivers/STM32F3xx_HAL_Driver/Src/stm32f3xx_hal_tim.o
                0x0000000008005458                HAL_TIM_PWM_ConfigChannel
 .text.HAL_TIM_OC_DelayElapsedCallback
                0x0000000008005688       0x14 Drivers/STM32F3xx_HAL_Driver/Src/stm32f3xx_hal_tim.o
                0x0000000008005688                HAL_TIM_OC_DelayElapsedCallback
 .text.HAL_TIM_IC_CaptureCallback
                0x000000000800569c       0x14 Drivers/STM32F3xx_HAL_Driver/Src/stm32f3xx_hal_tim.o
                0x000000000800569c                HAL_TIM_IC_CaptureCallback
 .text.HAL_TIM_PWM_PulseFinishedCallback
                0x00000000080056b0       0x14 Drivers/STM32F3xx_HAL_Driver/Src/stm32f3xx_hal_tim.o
                0x00000000080056b0                HAL_TIM_PWM_PulseFinishedCallback
 .text.HAL_TIM_TriggerCallback
                0x00000000080056c4       0x14 Drivers/STM32F3xx_HAL_Driver/Src/stm32f3xx_hal_tim.o
                0x00000000080056c4                HAL_TIM_TriggerCallback
 .text.TIM_Base_SetConfig
                0x00000000080056d8      0x120 Drivers/STM32F3xx_HAL_Driver/Src/stm32f3xx_hal_tim.o
                0x00000000080056d8                TIM_Base_SetConfig
 .text.TIM_OC1_SetConfig
                0x00000000080057f8      0x120 Drivers/STM32F3xx_HAL_Driver/Src/stm32f3xx_hal_tim.o
 .text.TIM_OC2_SetConfig
                0x0000000008005918      0x114 Drivers/STM32F3xx_HAL_Driver/Src/stm32f3xx_hal_tim.o
                0x0000000008005918                TIM_OC2_SetConfig
 .text.TIM_OC3_SetConfig
                0x0000000008005a2c      0x110 Drivers/STM32F3xx_HAL_Driver/Src/stm32f3xx_hal_tim.o
 .text.TIM_OC4_SetConfig
                0x0000000008005b3c       0xd4 Drivers/STM32F3xx_HAL_Driver/Src/stm32f3xx_hal_tim.o
 .text.TIM_OC5_SetConfig
                0x0000000008005c10       0xc8 Drivers/STM32F3xx_HAL_Driver/Src/stm32f3xx_hal_tim.o
 .text.TIM_OC6_SetConfig
                0x0000000008005cd8       0xcc Drivers/STM32F3xx_HAL_Driver/Src/stm32f3xx_hal_tim.o
 .text.TIM_CCxChannelCmd
                0x0000000008005da4       0x4a Drivers/STM32F3xx_HAL_Driver/Src/stm32f3xx_hal_tim.o
                0x0000000008005da4                TIM_CCxChannelCmd
 *fill*         0x0000000008005dee        0x2 
 .text.HAL_TIMEx_MasterConfigSynchronization
                0x0000000008005df0      0x100 Drivers/STM32F3xx_HAL_Driver/Src/stm32f3xx_hal_tim_ex.o
                0x0000000008005df0                HAL_TIMEx_MasterConfigSynchronization
 .text.HAL_TIMEx_CommutCallback
                0x0000000008005ef0       0x14 Drivers/STM32F3xx_HAL_Driver/Src/stm32f3xx_hal_tim_ex.o
                0x0000000008005ef0                HAL_TIMEx_CommutCallback
 .text.HAL_TIMEx_BreakCallback
                0x0000000008005f04       0x14 Drivers/STM32F3xx_HAL_Driver/Src/stm32f3xx_hal_tim_ex.o
                0x0000000008005f04                HAL_TIMEx_BreakCallback
 .text.HAL_TIMEx_Break2Callback
                0x0000000008005f18       0x14 Drivers/STM32F3xx_HAL_Driver/Src/stm32f3xx_hal_tim_ex.o
                0x0000000008005f18                HAL_TIMEx_Break2Callback
 .text.HAL_UART_Init
                0x0000000008005f2c       0x9c Drivers/STM32F3xx_HAL_Driver/Src/stm32f3xx_hal_uart.o
                0x0000000008005f2c                HAL_UART_Init
 .text.HAL_UART_IRQHandler
                0x0000000008005fc8      0x28c Drivers/STM32F3xx_HAL_Driver/Src/stm32f3xx_hal_uart.o
                0x0000000008005fc8                HAL_UART_IRQHandler
 .text.HAL_UART_TxCpltCallback
                0x0000000008006254       0x14 Drivers/STM32F3xx_HAL_Driver/Src/stm32f3xx_hal_uart.o
                0x0000000008006254                HAL_UART_TxCpltCallback
 .text.HAL_UART_ErrorCallback
                0x0000000008006268       0x14 Drivers/STM32F3xx_HAL_Driver/Src/stm32f3xx_hal_uart.o
                0x0000000008006268                HAL_UART_ErrorCallback
 .text.UART_SetConfig
                0x000000000800627c      0x434 Drivers/STM32F3xx_HAL_Driver/Src/stm32f3xx_hal_uart.o
                0x000000000800627c                UART_SetConfig
 .text.UART_AdvFeatureConfig
                0x00000000080066b0      0x144 Drivers/STM32F3xx_HAL_Driver/Src/stm32f3xx_hal_uart.o
                0x00000000080066b0                UART_AdvFeatureConfig
 .text.UART_CheckIdleState
                0x00000000080067f4       0x8a Drivers/STM32F3xx_HAL_Driver/Src/stm32f3xx_hal_uart.o
                0x00000000080067f4                UART_CheckIdleState
 .text.UART_WaitOnFlagUntilTimeout
                0x000000000800687e       0xf6 Drivers/STM32F3xx_HAL_Driver/Src/stm32f3xx_hal_uart.o
                0x000000000800687e                UART_WaitOnFlagUntilTimeout
 .text.UART_EndRxTransfer
                0x0000000008006974       0x40 Drivers/STM32F3xx_HAL_Driver/Src/stm32f3xx_hal_uart.o
 .text.UART_DMAAbortOnError
                0x00000000080069b4       0x2c Drivers/STM32F3xx_HAL_Driver/Src/stm32f3xx_hal_uart.o
 .text.UART_EndTransmit_IT
                0x00000000080069e0       0x32 Drivers/STM32F3xx_HAL_Driver/Src/stm32f3xx_hal_uart.o
 .text.HAL_UARTEx_WakeupCallback
                0x0000000008006a12       0x14 Drivers/STM32F3xx_HAL_Driver/Src/stm32f3xx_hal_uart_ex.o
                0x0000000008006a12                HAL_UARTEx_WakeupCallback
 *fill*         0x0000000008006a26        0x2 
 .text.__libc_init_array
                0x0000000008006a28       0x48 /opt/st/stm32cubeide_1.3.0/plugins/com.st.stm32cube.ide.mcu.externaltools.gnu-tools-for-stm32.7-2018-q2-update.linux64_1.4.0.202007081208/tools/bin/../lib/gcc/arm-none-eabi/7.3.1/../../../../arm-none-eabi/lib/thumb/v7e-m/fpv4-sp/hard/libc_nano.a(lib_a-init.o)
                0x0000000008006a28                __libc_init_array
 .text.memset   0x0000000008006a70       0x10 /opt/st/stm32cubeide_1.3.0/plugins/com.st.stm32cube.ide.mcu.externaltools.gnu-tools-for-stm32.7-2018-q2-update.linux64_1.4.0.202007081208/tools/bin/../lib/gcc/arm-none-eabi/7.3.1/../../../../arm-none-eabi/lib/thumb/v7e-m/fpv4-sp/hard/libc_nano.a(lib_a-memset.o)
                0x0000000008006a70                memset
 *(.glue_7)
 .glue_7        0x0000000008006a80        0x0 linker stubs
 *(.glue_7t)
 .glue_7t       0x0000000008006a80        0x0 linker stubs
 *(.eh_frame)
 .eh_frame      0x0000000008006a80        0x0 /opt/st/stm32cubeide_1.3.0/plugins/com.st.stm32cube.ide.mcu.externaltools.gnu-tools-for-stm32.7-2018-q2-update.linux64_1.4.0.202007081208/tools/bin/../lib/gcc/arm-none-eabi/7.3.1/thumb/v7e-m/fpv4-sp/hard/crtbegin.o
 *(.init)
 .init          0x0000000008006a80        0x4 /opt/st/stm32cubeide_1.3.0/plugins/com.st.stm32cube.ide.mcu.externaltools.gnu-tools-for-stm32.7-2018-q2-update.linux64_1.4.0.202007081208/tools/bin/../lib/gcc/arm-none-eabi/7.3.1/thumb/v7e-m/fpv4-sp/hard/crti.o
                0x0000000008006a80                _init
 .init          0x0000000008006a84        0x8 /opt/st/stm32cubeide_1.3.0/plugins/com.st.stm32cube.ide.mcu.externaltools.gnu-tools-for-stm32.7-2018-q2-update.linux64_1.4.0.202007081208/tools/bin/../lib/gcc/arm-none-eabi/7.3.1/thumb/v7e-m/fpv4-sp/hard/crtn.o
 *(.fini)
 .fini          0x0000000008006a8c        0x4 /opt/st/stm32cubeide_1.3.0/plugins/com.st.stm32cube.ide.mcu.externaltools.gnu-tools-for-stm32.7-2018-q2-update.linux64_1.4.0.202007081208/tools/bin/../lib/gcc/arm-none-eabi/7.3.1/thumb/v7e-m/fpv4-sp/hard/crti.o
                0x0000000008006a8c                _fini
 .fini          0x0000000008006a90        0x8 /opt/st/stm32cubeide_1.3.0/plugins/com.st.stm32cube.ide.mcu.externaltools.gnu-tools-for-stm32.7-2018-q2-update.linux64_1.4.0.202007081208/tools/bin/../lib/gcc/arm-none-eabi/7.3.1/thumb/v7e-m/fpv4-sp/hard/crtn.o
                0x0000000008006a98                . = ALIGN (0x4)
                0x0000000008006a98                _etext = .

.vfp11_veneer   0x0000000008006a98        0x0
 .vfp11_veneer  0x0000000008006a98        0x0 linker stubs

.v4_bx          0x0000000008006a98        0x0
 .v4_bx         0x0000000008006a98        0x0 linker stubs

.iplt           0x0000000008006a98        0x0
 .iplt          0x0000000008006a98        0x0 /opt/st/stm32cubeide_1.3.0/plugins/com.st.stm32cube.ide.mcu.externaltools.gnu-tools-for-stm32.7-2018-q2-update.linux64_1.4.0.202007081208/tools/bin/../lib/gcc/arm-none-eabi/7.3.1/thumb/v7e-m/fpv4-sp/hard/crtbegin.o

.rodata         0x0000000008006a98       0x58
                0x0000000008006a98                . = ALIGN (0x4)
 *(.rodata)
 .rodata        0x0000000008006a98       0x20 Core/Src/mpu.o
 *(.rodata*)
 .rodata.AHBPrescTable
                0x0000000008006ab8       0x10 Core/Src/system_stm32f3xx.o
                0x0000000008006ab8                AHBPrescTable
 .rodata.APBPrescTable
                0x0000000008006ac8        0x8 Core/Src/system_stm32f3xx.o
                0x0000000008006ac8                APBPrescTable
 .rodata.aPLLMULFactorTable
                0x0000000008006ad0       0x10 Drivers/STM32F3xx_HAL_Driver/Src/stm32f3xx_hal_rcc.o
                0x0000000008006ad0                aPLLMULFactorTable
 .rodata.aPredivFactorTable
                0x0000000008006ae0       0x10 Drivers/STM32F3xx_HAL_Driver/Src/stm32f3xx_hal_rcc.o
                0x0000000008006ae0                aPredivFactorTable
                0x0000000008006af0                . = ALIGN (0x4)

.rel.dyn        0x0000000008006af0        0x0
 .rel.iplt      0x0000000008006af0        0x0 /opt/st/stm32cubeide_1.3.0/plugins/com.st.stm32cube.ide.mcu.externaltools.gnu-tools-for-stm32.7-2018-q2-update.linux64_1.4.0.202007081208/tools/bin/../lib/gcc/arm-none-eabi/7.3.1/thumb/v7e-m/fpv4-sp/hard/crtbegin.o

.ARM.extab      0x0000000008006af0        0x0
                0x0000000008006af0                . = ALIGN (0x4)
 *(.ARM.extab* .gnu.linkonce.armextab.*)
                0x0000000008006af0                . = ALIGN (0x4)

.ARM            0x0000000008006af0        0x0
                0x0000000008006af0                . = ALIGN (0x4)
                0x0000000008006af0                __exidx_start = .
 *(.ARM.exidx*)
                0x0000000008006af0                __exidx_end = .
                0x0000000008006af0                . = ALIGN (0x4)

.preinit_array  0x0000000008006af0        0x0
                0x0000000008006af0                . = ALIGN (0x4)
                0x0000000008006af0                PROVIDE (__preinit_array_start = .)
 *(.preinit_array*)
                0x0000000008006af0                PROVIDE (__preinit_array_end = .)
                0x0000000008006af0                . = ALIGN (0x4)

.init_array     0x0000000008006af0        0x4
                0x0000000008006af0                . = ALIGN (0x4)
                0x0000000008006af0                PROVIDE (__init_array_start = .)
 *(SORT_BY_NAME(.init_array.*))
 *(.init_array*)
 .init_array    0x0000000008006af0        0x4 /opt/st/stm32cubeide_1.3.0/plugins/com.st.stm32cube.ide.mcu.externaltools.gnu-tools-for-stm32.7-2018-q2-update.linux64_1.4.0.202007081208/tools/bin/../lib/gcc/arm-none-eabi/7.3.1/thumb/v7e-m/fpv4-sp/hard/crtbegin.o
                0x0000000008006af4                PROVIDE (__init_array_end = .)
                0x0000000008006af4                . = ALIGN (0x4)

.fini_array     0x0000000008006af4        0x4
                0x0000000008006af4                . = ALIGN (0x4)
                [!provide]                        PROVIDE (__fini_array_start = .)
 *(SORT_BY_NAME(.fini_array.*))
 *(.fini_array*)
 .fini_array    0x0000000008006af4        0x4 /opt/st/stm32cubeide_1.3.0/plugins/com.st.stm32cube.ide.mcu.externaltools.gnu-tools-for-stm32.7-2018-q2-update.linux64_1.4.0.202007081208/tools/bin/../lib/gcc/arm-none-eabi/7.3.1/thumb/v7e-m/fpv4-sp/hard/crtbegin.o
                [!provide]                        PROVIDE (__fini_array_end = .)
                0x0000000008006af8                . = ALIGN (0x4)
                0x0000000008006af8                _sidata = LOADADDR (.data)

.data           0x0000000020000000        0xc load address 0x0000000008006af8
                0x0000000020000000                . = ALIGN (0x4)
                0x0000000020000000                _sdata = .
 *(.data)
 *(.data*)
 .data.SystemCoreClock
                0x0000000020000000        0x4 Core/Src/system_stm32f3xx.o
                0x0000000020000000                SystemCoreClock
 .data.uwTickPrio
                0x0000000020000004        0x4 Drivers/STM32F3xx_HAL_Driver/Src/stm32f3xx_hal.o
                0x0000000020000004                uwTickPrio
 .data.uwTickFreq
                0x0000000020000008        0x1 Drivers/STM32F3xx_HAL_Driver/Src/stm32f3xx_hal.o
                0x0000000020000008                uwTickFreq
                0x000000002000000c                . = ALIGN (0x4)
 *fill*         0x0000000020000009        0x3 
                0x000000002000000c                _edata = .

.igot.plt       0x000000002000000c        0x0 load address 0x0000000008006b04
 .igot.plt      0x000000002000000c        0x0 /opt/st/stm32cubeide_1.3.0/plugins/com.st.stm32cube.ide.mcu.externaltools.gnu-tools-for-stm32.7-2018-q2-update.linux64_1.4.0.202007081208/tools/bin/../lib/gcc/arm-none-eabi/7.3.1/thumb/v7e-m/fpv4-sp/hard/crtbegin.o
                0x000000002000000c                . = ALIGN (0x4)

.bss            0x000000002000000c      0x2b0 load address 0x0000000008006b04
                0x000000002000000c                _sbss = .
                0x000000002000000c                __bss_start__ = _sbss
 *(.bss)
 .bss           0x000000002000000c       0x1c /opt/st/stm32cubeide_1.3.0/plugins/com.st.stm32cube.ide.mcu.externaltools.gnu-tools-for-stm32.7-2018-q2-update.linux64_1.4.0.202007081208/tools/bin/../lib/gcc/arm-none-eabi/7.3.1/thumb/v7e-m/fpv4-sp/hard/crtbegin.o
 *(.bss*)
 .bss.queue     0x0000000020000028       0x3c Core/Src/buzzer.o
                0x0000000020000028                queue
 .bss.queue_rpos
                0x0000000020000064        0x1 Core/Src/buzzer.o
                0x0000000020000064                queue_rpos
 .bss.queue_wpos
                0x0000000020000065        0x1 Core/Src/buzzer.o
                0x0000000020000065                queue_wpos
 .bss.queue_len
                0x0000000020000066        0x1 Core/Src/buzzer.o
                0x0000000020000066                queue_len
 .bss.running   0x0000000020000067        0x1 Core/Src/buzzer.o
                0x0000000020000067                running
 .bss.rx_rbuff  0x0000000020000068       0x20 Core/Src/main.o
                0x0000000020000068                rx_rbuff
 .bss.rx_rbuff_ptr
                0x0000000020000088        0x1 Core/Src/main.o
                0x0000000020000088                rx_rbuff_ptr
 *fill*         0x0000000020000089        0x3 
 .bss.rc_values
                0x000000002000008c       0x1c Core/Src/main.o
                0x000000002000008c                rc_values
 .bss.byte_rdy  0x00000000200000a8        0x1 Core/Src/main.o
                0x00000000200000a8                byte_rdy
 .bss.rc_new_rdy
                0x00000000200000a9        0x1 Core/Src/main.o
                0x00000000200000a9                rc_new_rdy
 .bss.mpu_ready
                0x00000000200000aa        0x1 Core/Src/main.o
                0x00000000200000aa                mpu_ready
 .bss.flightmode
                0x00000000200000ab        0x1 Core/Src/main.o
                0x00000000200000ab                flightmode
 *(COMMON)
 COMMON         0x00000000200000ac       0x4c Core/Src/i2c.o
                0x00000000200000ac                hi2c1
 COMMON         0x00000000200000f8       0xc0 Core/Src/tim.o
                0x00000000200000f8                htim4
                0x0000000020000138                htim3
                0x0000000020000178                htim6
 COMMON         0x00000000200001b8      0x100 Core/Src/usart.o
                0x00000000200001b8                huart3
                0x0000000020000238                huart1
 COMMON         0x00000000200002b8        0x4 Drivers/STM32F3xx_HAL_Driver/Src/stm32f3xx_hal.o
                0x00000000200002b8                uwTick
                0x00000000200002bc                . = ALIGN (0x4)
                0x00000000200002bc                _ebss = .
                0x00000000200002bc                __bss_end__ = _ebss

._user_heap_stack
                0x00000000200002bc      0x604 load address 0x0000000008006b04
                0x00000000200002c0                . = ALIGN (0x8)
 *fill*         0x00000000200002bc        0x4 
                [!provide]                        PROVIDE (end = .)
                0x00000000200002c0                PROVIDE (_end = .)
                0x00000000200004c0                . = (. + _Min_Heap_Size)
 *fill*         0x00000000200002c0      0x200 
                0x00000000200008c0                . = (. + _Min_Stack_Size)
 *fill*         0x00000000200004c0      0x400 
                0x00000000200008c0                . = ALIGN (0x8)

/DISCARD/
 libc.a(*)
 libm.a(*)
 libgcc.a(*)

.ARM.attributes
                0x0000000000000000       0x30
 *(.ARM.attributes)
 .ARM.attributes
                0x0000000000000000       0x22 /opt/st/stm32cubeide_1.3.0/plugins/com.st.stm32cube.ide.mcu.externaltools.gnu-tools-for-stm32.7-2018-q2-update.linux64_1.4.0.202007081208/tools/bin/../lib/gcc/arm-none-eabi/7.3.1/thumb/v7e-m/fpv4-sp/hard/crti.o
 .ARM.attributes
                0x0000000000000022       0x34 /opt/st/stm32cubeide_1.3.0/plugins/com.st.stm32cube.ide.mcu.externaltools.gnu-tools-for-stm32.7-2018-q2-update.linux64_1.4.0.202007081208/tools/bin/../lib/gcc/arm-none-eabi/7.3.1/thumb/v7e-m/fpv4-sp/hard/crtbegin.o
 .ARM.attributes
                0x0000000000000056       0x39 Core/Src/PIDlib.o
 .ARM.attributes
                0x000000000000008f       0x39 Core/Src/Servo.o
 .ARM.attributes
                0x00000000000000c8       0x39 Core/Src/buzzer.o
 .ARM.attributes
                0x0000000000000101       0x39 Core/Src/gpio.o
 .ARM.attributes
                0x000000000000013a       0x39 Core/Src/i2c.o
 .ARM.attributes
                0x0000000000000173       0x39 Core/Src/main.o
 .ARM.attributes
                0x00000000000001ac       0x39 Core/Src/mpu.o
 .ARM.attributes
                0x00000000000001e5       0x39 Core/Src/stm32f3xx_hal_msp.o
 .ARM.attributes
                0x000000000000021e       0x39 Core/Src/stm32f3xx_it.o
 .ARM.attributes
                0x0000000000000257       0x39 Core/Src/system_stm32f3xx.o
 .ARM.attributes
                0x0000000000000290       0x39 Core/Src/tim.o
 .ARM.attributes
                0x00000000000002c9       0x39 Core/Src/usart.o
 .ARM.attributes
                0x0000000000000302       0x21 Core/Startup/startup_stm32f303cctx.o
 .ARM.attributes
                0x0000000000000323       0x39 Drivers/STM32F3xx_HAL_Driver/Src/stm32f3xx_hal.o
 .ARM.attributes
                0x000000000000035c       0x39 Drivers/STM32F3xx_HAL_Driver/Src/stm32f3xx_hal_cortex.o
 .ARM.attributes
                0x0000000000000395       0x39 Drivers/STM32F3xx_HAL_Driver/Src/stm32f3xx_hal_dma.o
 .ARM.attributes
                0x00000000000003ce       0x39 Drivers/STM32F3xx_HAL_Driver/Src/stm32f3xx_hal_gpio.o
 .ARM.attributes
                0x0000000000000407       0x39 Drivers/STM32F3xx_HAL_Driver/Src/stm32f3xx_hal_i2c.o
 .ARM.attributes
                0x0000000000000440       0x39 Drivers/STM32F3xx_HAL_Driver/Src/stm32f3xx_hal_i2c_ex.o
 .ARM.attributes
                0x0000000000000479       0x39 Drivers/STM32F3xx_HAL_Driver/Src/stm32f3xx_hal_rcc.o
 .ARM.attributes
                0x00000000000004b2       0x39 Drivers/STM32F3xx_HAL_Driver/Src/stm32f3xx_hal_rcc_ex.o
 .ARM.attributes
                0x00000000000004eb       0x39 Drivers/STM32F3xx_HAL_Driver/Src/stm32f3xx_hal_tim.o
 .ARM.attributes
                0x0000000000000524       0x39 Drivers/STM32F3xx_HAL_Driver/Src/stm32f3xx_hal_tim_ex.o
 .ARM.attributes
                0x000000000000055d       0x39 Drivers/STM32F3xx_HAL_Driver/Src/stm32f3xx_hal_uart.o
 .ARM.attributes
                0x0000000000000596       0x39 Drivers/STM32F3xx_HAL_Driver/Src/stm32f3xx_hal_uart_ex.o
 .ARM.attributes
                0x00000000000005cf       0x34 /opt/st/stm32cubeide_1.3.0/plugins/com.st.stm32cube.ide.mcu.externaltools.gnu-tools-for-stm32.7-2018-q2-update.linux64_1.4.0.202007081208/tools/bin/../lib/gcc/arm-none-eabi/7.3.1/../../../../arm-none-eabi/lib/thumb/v7e-m/fpv4-sp/hard/libc_nano.a(lib_a-init.o)
 .ARM.attributes
                0x0000000000000603       0x34 /opt/st/stm32cubeide_1.3.0/plugins/com.st.stm32cube.ide.mcu.externaltools.gnu-tools-for-stm32.7-2018-q2-update.linux64_1.4.0.202007081208/tools/bin/../lib/gcc/arm-none-eabi/7.3.1/../../../../arm-none-eabi/lib/thumb/v7e-m/fpv4-sp/hard/libc_nano.a(lib_a-memset.o)
 .ARM.attributes
                0x0000000000000637       0x22 /opt/st/stm32cubeide_1.3.0/plugins/com.st.stm32cube.ide.mcu.externaltools.gnu-tools-for-stm32.7-2018-q2-update.linux64_1.4.0.202007081208/tools/bin/../lib/gcc/arm-none-eabi/7.3.1/thumb/v7e-m/fpv4-sp/hard/libgcc.a(_arm_addsubdf3.o)
 .ARM.attributes
                0x0000000000000659       0x22 /opt/st/stm32cubeide_1.3.0/plugins/com.st.stm32cube.ide.mcu.externaltools.gnu-tools-for-stm32.7-2018-q2-update.linux64_1.4.0.202007081208/tools/bin/../lib/gcc/arm-none-eabi/7.3.1/thumb/v7e-m/fpv4-sp/hard/libgcc.a(_arm_muldivdf3.o)
 .ARM.attributes
                0x000000000000067b       0x22 /opt/st/stm32cubeide_1.3.0/plugins/com.st.stm32cube.ide.mcu.externaltools.gnu-tools-for-stm32.7-2018-q2-update.linux64_1.4.0.202007081208/tools/bin/../lib/gcc/arm-none-eabi/7.3.1/thumb/v7e-m/fpv4-sp/hard/libgcc.a(_arm_cmpdf2.o)
 .ARM.attributes
                0x000000000000069d       0x22 /opt/st/stm32cubeide_1.3.0/plugins/com.st.stm32cube.ide.mcu.externaltools.gnu-tools-for-stm32.7-2018-q2-update.linux64_1.4.0.202007081208/tools/bin/../lib/gcc/arm-none-eabi/7.3.1/thumb/v7e-m/fpv4-sp/hard/libgcc.a(_arm_truncdfsf2.o)
 .ARM.attributes
                0x00000000000006bf       0x22 /opt/st/stm32cubeide_1.3.0/plugins/com.st.stm32cube.ide.mcu.externaltools.gnu-tools-for-stm32.7-2018-q2-update.linux64_1.4.0.202007081208/tools/bin/../lib/gcc/arm-none-eabi/7.3.1/thumb/v7e-m/fpv4-sp/hard/crtn.o
OUTPUT(flight_stab_v1.elf elf32-littlearm)

.debug_info     0x0000000000000000    0x14600
 .debug_info    0x0000000000000000      0x470 Core/Src/PIDlib.o
 .debug_info    0x0000000000000470      0x272 Core/Src/Servo.o
 .debug_info    0x00000000000006e2      0x834 Core/Src/buzzer.o
 .debug_info    0x0000000000000f16      0x59f Core/Src/gpio.o
 .debug_info    0x00000000000014b5      0x8eb Core/Src/i2c.o
 .debug_info    0x0000000000001da0     0x1bc5 Core/Src/main.o
 .debug_info    0x0000000000003965     0x2478 Core/Src/mpu.o
 .debug_info    0x0000000000005ddd      0x278 Core/Src/stm32f3xx_hal_msp.o
 .debug_info    0x0000000000006055      0x700 Core/Src/stm32f3xx_it.o
 .debug_info    0x0000000000006755      0x45c Core/Src/system_stm32f3xx.o
 .debug_info    0x0000000000006bb1      0xcbd Core/Src/tim.o
 .debug_info    0x000000000000786e      0xb47 Core/Src/usart.o
 .debug_info    0x00000000000083b5       0x22 Core/Startup/startup_stm32f303cctx.o
 .debug_info    0x00000000000083d7      0x7e2 Drivers/STM32F3xx_HAL_Driver/Src/stm32f3xx_hal.o
 .debug_info    0x0000000000008bb9      0xd99 Drivers/STM32F3xx_HAL_Driver/Src/stm32f3xx_hal_cortex.o
 .debug_info    0x0000000000009952      0x7cb Drivers/STM32F3xx_HAL_Driver/Src/stm32f3xx_hal_dma.o
 .debug_info    0x000000000000a11d      0x70b Drivers/STM32F3xx_HAL_Driver/Src/stm32f3xx_hal_gpio.o
 .debug_info    0x000000000000a828     0x1fe5 Drivers/STM32F3xx_HAL_Driver/Src/stm32f3xx_hal_i2c.o
 .debug_info    0x000000000000c80d      0x8de Drivers/STM32F3xx_HAL_Driver/Src/stm32f3xx_hal_i2c_ex.o
 .debug_info    0x000000000000d0eb     0x180f Drivers/STM32F3xx_HAL_Driver/Src/stm32f3xx_hal_rcc.o
 .debug_info    0x000000000000e8fa      0x6b7 Drivers/STM32F3xx_HAL_Driver/Src/stm32f3xx_hal_rcc_ex.o
 .debug_info    0x000000000000efb1     0x2648 Drivers/STM32F3xx_HAL_Driver/Src/stm32f3xx_hal_tim.o
 .debug_info    0x00000000000115f9     0x11d7 Drivers/STM32F3xx_HAL_Driver/Src/stm32f3xx_hal_tim_ex.o
 .debug_info    0x00000000000127d0     0x1592 Drivers/STM32F3xx_HAL_Driver/Src/stm32f3xx_hal_uart.o
 .debug_info    0x0000000000013d62      0x89e Drivers/STM32F3xx_HAL_Driver/Src/stm32f3xx_hal_uart_ex.o

.debug_abbrev   0x0000000000000000     0x2dee
 .debug_abbrev  0x0000000000000000      0x14d Core/Src/PIDlib.o
 .debug_abbrev  0x000000000000014d      0x14f Core/Src/Servo.o
 .debug_abbrev  0x000000000000029c      0x17c Core/Src/buzzer.o
 .debug_abbrev  0x0000000000000418      0x13d Core/Src/gpio.o
 .debug_abbrev  0x0000000000000555      0x1a4 Core/Src/i2c.o
 .debug_abbrev  0x00000000000006f9      0x2f8 Core/Src/main.o
 .debug_abbrev  0x00000000000009f1      0x389 Core/Src/mpu.o
 .debug_abbrev  0x0000000000000d7a      0x109 Core/Src/stm32f3xx_hal_msp.o
 .debug_abbrev  0x0000000000000e83      0x15a Core/Src/stm32f3xx_it.o
 .debug_abbrev  0x0000000000000fdd      0x12b Core/Src/system_stm32f3xx.o
 .debug_abbrev  0x0000000000001108      0x1f6 Core/Src/tim.o
 .debug_abbrev  0x00000000000012fe      0x1a2 Core/Src/usart.o
 .debug_abbrev  0x00000000000014a0       0x12 Core/Startup/startup_stm32f303cctx.o
 .debug_abbrev  0x00000000000014b2      0x1c7 Drivers/STM32F3xx_HAL_Driver/Src/stm32f3xx_hal.o
 .debug_abbrev  0x0000000000001679      0x2fa Drivers/STM32F3xx_HAL_Driver/Src/stm32f3xx_hal_cortex.o
 .debug_abbrev  0x0000000000001973      0x1fe Drivers/STM32F3xx_HAL_Driver/Src/stm32f3xx_hal_dma.o
 .debug_abbrev  0x0000000000001b71      0x1c0 Drivers/STM32F3xx_HAL_Driver/Src/stm32f3xx_hal_gpio.o
 .debug_abbrev  0x0000000000001d31      0x22a Drivers/STM32F3xx_HAL_Driver/Src/stm32f3xx_hal_i2c.o
 .debug_abbrev  0x0000000000001f5b      0x1b9 Drivers/STM32F3xx_HAL_Driver/Src/stm32f3xx_hal_i2c_ex.o
 .debug_abbrev  0x0000000000002114      0x28c Drivers/STM32F3xx_HAL_Driver/Src/stm32f3xx_hal_rcc.o
 .debug_abbrev  0x00000000000023a0      0x219 Drivers/STM32F3xx_HAL_Driver/Src/stm32f3xx_hal_rcc_ex.o
 .debug_abbrev  0x00000000000025b9      0x230 Drivers/STM32F3xx_HAL_Driver/Src/stm32f3xx_hal_tim.o
 .debug_abbrev  0x00000000000027e9      0x21e Drivers/STM32F3xx_HAL_Driver/Src/stm32f3xx_hal_tim_ex.o
 .debug_abbrev  0x0000000000002a07      0x205 Drivers/STM32F3xx_HAL_Driver/Src/stm32f3xx_hal_uart.o
 .debug_abbrev  0x0000000000002c0c      0x1e2 Drivers/STM32F3xx_HAL_Driver/Src/stm32f3xx_hal_uart_ex.o

.debug_aranges  0x0000000000000000     0x11c8
 .debug_aranges
                0x0000000000000000       0x70 Core/Src/PIDlib.o
 .debug_aranges
                0x0000000000000070       0x30 Core/Src/Servo.o
 .debug_aranges
                0x00000000000000a0       0x30 Core/Src/buzzer.o
 .debug_aranges
                0x00000000000000d0       0x20 Core/Src/gpio.o
 .debug_aranges
                0x00000000000000f0       0x30 Core/Src/i2c.o
 .debug_aranges
                0x0000000000000120       0x58 Core/Src/main.o
 .debug_aranges
                0x0000000000000178       0xe8 Core/Src/mpu.o
 .debug_aranges
                0x0000000000000260       0x20 Core/Src/stm32f3xx_hal_msp.o
 .debug_aranges
                0x0000000000000280       0x70 Core/Src/stm32f3xx_it.o
 .debug_aranges
                0x00000000000002f0       0x28 Core/Src/system_stm32f3xx.o
 .debug_aranges
                0x0000000000000318       0x58 Core/Src/tim.o
 .debug_aranges
                0x0000000000000370       0x38 Core/Src/usart.o
 .debug_aranges
                0x00000000000003a8       0x28 Core/Startup/startup_stm32f303cctx.o
 .debug_aranges
                0x00000000000003d0       0xe0 Drivers/STM32F3xx_HAL_Driver/Src/stm32f3xx_hal.o
 .debug_aranges
                0x00000000000004b0      0x118 Drivers/STM32F3xx_HAL_Driver/Src/stm32f3xx_hal_cortex.o
 .debug_aranges
                0x00000000000005c8       0x88 Drivers/STM32F3xx_HAL_Driver/Src/stm32f3xx_hal_dma.o
 .debug_aranges
                0x0000000000000650       0x58 Drivers/STM32F3xx_HAL_Driver/Src/stm32f3xx_hal_gpio.o
 .debug_aranges
                0x00000000000006a8      0x290 Drivers/STM32F3xx_HAL_Driver/Src/stm32f3xx_hal_i2c.o
 .debug_aranges
                0x0000000000000938       0x48 Drivers/STM32F3xx_HAL_Driver/Src/stm32f3xx_hal_i2c_ex.o
 .debug_aranges
                0x0000000000000980       0x88 Drivers/STM32F3xx_HAL_Driver/Src/stm32f3xx_hal_rcc.o
 .debug_aranges
                0x0000000000000a08       0x38 Drivers/STM32F3xx_HAL_Driver/Src/stm32f3xx_hal_rcc_ex.o
 .debug_aranges
                0x0000000000000a40      0x3c8 Drivers/STM32F3xx_HAL_Driver/Src/stm32f3xx_hal_tim.o
 .debug_aranges
                0x0000000000000e08      0x160 Drivers/STM32F3xx_HAL_Driver/Src/stm32f3xx_hal_tim_ex.o
 .debug_aranges
                0x0000000000000f68      0x210 Drivers/STM32F3xx_HAL_Driver/Src/stm32f3xx_hal_uart.o
 .debug_aranges
                0x0000000000001178       0x50 Drivers/STM32F3xx_HAL_Driver/Src/stm32f3xx_hal_uart_ex.o

.debug_ranges   0x0000000000000000     0x1040
 .debug_ranges  0x0000000000000000       0x60 Core/Src/PIDlib.o
 .debug_ranges  0x0000000000000060       0x20 Core/Src/Servo.o
 .debug_ranges  0x0000000000000080       0x20 Core/Src/buzzer.o
 .debug_ranges  0x00000000000000a0       0x10 Core/Src/gpio.o
 .debug_ranges  0x00000000000000b0       0x20 Core/Src/i2c.o
 .debug_ranges  0x00000000000000d0       0x48 Core/Src/main.o
 .debug_ranges  0x0000000000000118       0xd8 Core/Src/mpu.o
 .debug_ranges  0x00000000000001f0       0x10 Core/Src/stm32f3xx_hal_msp.o
 .debug_ranges  0x0000000000000200       0x60 Core/Src/stm32f3xx_it.o
 .debug_ranges  0x0000000000000260       0x18 Core/Src/system_stm32f3xx.o
 .debug_ranges  0x0000000000000278       0x48 Core/Src/tim.o
 .debug_ranges  0x00000000000002c0       0x28 Core/Src/usart.o
 .debug_ranges  0x00000000000002e8       0x20 Core/Startup/startup_stm32f303cctx.o
 .debug_ranges  0x0000000000000308       0xd0 Drivers/STM32F3xx_HAL_Driver/Src/stm32f3xx_hal.o
 .debug_ranges  0x00000000000003d8      0x108 Drivers/STM32F3xx_HAL_Driver/Src/stm32f3xx_hal_cortex.o
 .debug_ranges  0x00000000000004e0       0x78 Drivers/STM32F3xx_HAL_Driver/Src/stm32f3xx_hal_dma.o
 .debug_ranges  0x0000000000000558       0x48 Drivers/STM32F3xx_HAL_Driver/Src/stm32f3xx_hal_gpio.o
 .debug_ranges  0x00000000000005a0      0x280 Drivers/STM32F3xx_HAL_Driver/Src/stm32f3xx_hal_i2c.o
 .debug_ranges  0x0000000000000820       0x38 Drivers/STM32F3xx_HAL_Driver/Src/stm32f3xx_hal_i2c_ex.o
 .debug_ranges  0x0000000000000858       0x78 Drivers/STM32F3xx_HAL_Driver/Src/stm32f3xx_hal_rcc.o
 .debug_ranges  0x00000000000008d0       0x28 Drivers/STM32F3xx_HAL_Driver/Src/stm32f3xx_hal_rcc_ex.o
 .debug_ranges  0x00000000000008f8      0x3b8 Drivers/STM32F3xx_HAL_Driver/Src/stm32f3xx_hal_tim.o
 .debug_ranges  0x0000000000000cb0      0x150 Drivers/STM32F3xx_HAL_Driver/Src/stm32f3xx_hal_tim_ex.o
 .debug_ranges  0x0000000000000e00      0x200 Drivers/STM32F3xx_HAL_Driver/Src/stm32f3xx_hal_uart.o
 .debug_ranges  0x0000000000001000       0x40 Drivers/STM32F3xx_HAL_Driver/Src/stm32f3xx_hal_uart_ex.o

.debug_macro    0x0000000000000000    0x1de54
 .debug_macro   0x0000000000000000       0x1b Core/Src/PIDlib.o
 .debug_macro   0x000000000000001b      0xb2c Core/Src/PIDlib.o
 .debug_macro   0x0000000000000b47       0x72 Core/Src/Servo.o
 .debug_macro   0x0000000000000bb9       0x1c Core/Src/Servo.o
 .debug_macro   0x0000000000000bd5       0x22 Core/Src/Servo.o
 .debug_macro   0x0000000000000bf7       0x8e Core/Src/Servo.o
 .debug_macro   0x0000000000000c85       0x51 Core/Src/Servo.o
 .debug_macro   0x0000000000000cd6       0xef Core/Src/Servo.o
 .debug_macro   0x0000000000000dc5       0x6a Core/Src/Servo.o
 .debug_macro   0x0000000000000e2f      0x1df Core/Src/Servo.o
 .debug_macro   0x000000000000100e      0x1ec Core/Src/buzzer.o
 .debug_macro   0x00000000000011fa      0xa5a Core/Src/buzzer.o
 .debug_macro   0x0000000000001c54      0x157 Core/Src/buzzer.o
 .debug_macro   0x0000000000001dab       0x2e Core/Src/buzzer.o
 .debug_macro   0x0000000000001dd9       0x28 Core/Src/buzzer.o
 .debug_macro   0x0000000000001e01       0x1c Core/Src/buzzer.o
 .debug_macro   0x0000000000001e1d       0x22 Core/Src/buzzer.o
 .debug_macro   0x0000000000001e3f       0xdf Core/Src/buzzer.o
 .debug_macro   0x0000000000001f1e     0x102d Core/Src/buzzer.o
 .debug_macro   0x0000000000002f4b      0x11f Core/Src/buzzer.o
 .debug_macro   0x000000000000306a    0x12a33 Core/Src/buzzer.o
 .debug_macro   0x0000000000015a9d       0x43 Core/Src/buzzer.o
 .debug_macro   0x0000000000015ae0      0x174 Core/Src/buzzer.o
 .debug_macro   0x0000000000015c54       0x53 Core/Src/buzzer.o
 .debug_macro   0x0000000000015ca7      0x962 Core/Src/buzzer.o
 .debug_macro   0x0000000000016609      0x5fe Core/Src/buzzer.o
 .debug_macro   0x0000000000016c07      0x12f Core/Src/buzzer.o
 .debug_macro   0x0000000000016d36      0x1fb Core/Src/buzzer.o
 .debug_macro   0x0000000000016f31      0x1dc Core/Src/buzzer.o
 .debug_macro   0x000000000001710d      0x1bc Core/Src/buzzer.o
 .debug_macro   0x00000000000172c9       0x30 Core/Src/buzzer.o
 .debug_macro   0x00000000000172f9       0x3c Core/Src/buzzer.o
 .debug_macro   0x0000000000017335      0x236 Core/Src/buzzer.o
 .debug_macro   0x000000000001756b       0xc5 Core/Src/buzzer.o
 .debug_macro   0x0000000000017630      0x21d Core/Src/buzzer.o
 .debug_macro   0x000000000001784d      0x22c Core/Src/buzzer.o
 .debug_macro   0x0000000000017a79       0x5b Core/Src/buzzer.o
 .debug_macro   0x0000000000017ad4       0xa5 Core/Src/buzzer.o
 .debug_macro   0x0000000000017b79       0x81 Core/Src/buzzer.o
 .debug_macro   0x0000000000017bfa       0xd3 Core/Src/buzzer.o
 .debug_macro   0x0000000000017ccd      0x9e9 Core/Src/buzzer.o
 .debug_macro   0x00000000000186b6       0x89 Core/Src/buzzer.o
 .debug_macro   0x000000000001873f      0x589 Core/Src/buzzer.o
 .debug_macro   0x0000000000018cc8       0x3e Core/Src/buzzer.o
 .debug_macro   0x0000000000018d06      0x275 Core/Src/buzzer.o
 .debug_macro   0x0000000000018f7b       0x2e Core/Src/buzzer.o
 .debug_macro   0x0000000000018fa9       0x16 Core/Src/buzzer.o
 .debug_macro   0x0000000000018fbf      0x1e7 Core/Src/gpio.o
 .debug_macro   0x00000000000191a6      0x1e7 Core/Src/i2c.o
 .debug_macro   0x000000000001938d      0x2f4 Core/Src/main.o
 .debug_macro   0x0000000000019681     0x102d Core/Src/main.o
 .debug_macro   0x000000000001a6ae      0x17b Core/Src/main.o
 .debug_macro   0x000000000001a829       0x16 Core/Src/main.o
 .debug_macro   0x000000000001a83f       0x1c Core/Src/main.o
 .debug_macro   0x000000000001a85b      0x317 Core/Src/mpu.o
 .debug_macro   0x000000000001ab72       0x10 Core/Src/mpu.o
 .debug_macro   0x000000000001ab82      0x168 Core/Src/mpu.o
 .debug_macro   0x000000000001acea       0x10 Core/Src/mpu.o
 .debug_macro   0x000000000001acfa      0x3f4 Core/Src/mpu.o
 .debug_macro   0x000000000001b0ee       0x18 Core/Src/mpu.o
 .debug_macro   0x000000000001b106       0x46 Core/Src/mpu.o
 .debug_macro   0x000000000001b14c       0x18 Core/Src/mpu.o
 .debug_macro   0x000000000001b164       0x3c Core/Src/mpu.o
 .debug_macro   0x000000000001b1a0       0x34 Core/Src/mpu.o
 .debug_macro   0x000000000001b1d4       0x52 Core/Src/mpu.o
 .debug_macro   0x000000000001b226       0x1f Core/Src/mpu.o
 .debug_macro   0x000000000001b245       0x43 Core/Src/mpu.o
 .debug_macro   0x000000000001b288       0x20 Core/Src/mpu.o
 .debug_macro   0x000000000001b2a8      0x1a3 Core/Src/mpu.o
 .debug_macro   0x000000000001b44b      0x34d Core/Src/mpu.o
 .debug_macro   0x000000000001b798      0x1da Core/Src/mpu.o
 .debug_macro   0x000000000001b972       0x10 Core/Src/mpu.o
 .debug_macro   0x000000000001b982       0x16 Core/Src/mpu.o
 .debug_macro   0x000000000001b998       0x35 Core/Src/mpu.o
 .debug_macro   0x000000000001b9cd       0x16 Core/Src/mpu.o
 .debug_macro   0x000000000001b9e3       0x29 Core/Src/mpu.o
 .debug_macro   0x000000000001ba0c       0x10 Core/Src/mpu.o
 .debug_macro   0x000000000001ba1c      0x3c7 Core/Src/mpu.o
 .debug_macro   0x000000000001bde3      0x1dd Core/Src/stm32f3xx_hal_msp.o
 .debug_macro   0x000000000001bfc0      0x1e7 Core/Src/stm32f3xx_it.o
 .debug_macro   0x000000000001c1a7      0x1d4 Core/Src/system_stm32f3xx.o
 .debug_macro   0x000000000001c37b      0x1e7 Core/Src/tim.o
 .debug_macro   0x000000000001c562      0x1e7 Core/Src/usart.o
 .debug_macro   0x000000000001c749      0x1f2 Drivers/STM32F3xx_HAL_Driver/Src/stm32f3xx_hal.o
 .debug_macro   0x000000000001c93b      0x1ce Drivers/STM32F3xx_HAL_Driver/Src/stm32f3xx_hal_cortex.o
 .debug_macro   0x000000000001cb09      0x1ce Drivers/STM32F3xx_HAL_Driver/Src/stm32f3xx_hal_dma.o
 .debug_macro   0x000000000001ccd7      0x206 Drivers/STM32F3xx_HAL_Driver/Src/stm32f3xx_hal_gpio.o
 .debug_macro   0x000000000001cedd      0x293 Drivers/STM32F3xx_HAL_Driver/Src/stm32f3xx_hal_i2c.o
 .debug_macro   0x000000000001d170      0x1ce Drivers/STM32F3xx_HAL_Driver/Src/stm32f3xx_hal_i2c_ex.o
 .debug_macro   0x000000000001d33e      0x1f2 Drivers/STM32F3xx_HAL_Driver/Src/stm32f3xx_hal_rcc.o
 .debug_macro   0x000000000001d530      0x1ce Drivers/STM32F3xx_HAL_Driver/Src/stm32f3xx_hal_rcc_ex.o
 .debug_macro   0x000000000001d6fe      0x1cf Drivers/STM32F3xx_HAL_Driver/Src/stm32f3xx_hal_tim.o
 .debug_macro   0x000000000001d8cd      0x1ce Drivers/STM32F3xx_HAL_Driver/Src/stm32f3xx_hal_tim_ex.o
 .debug_macro   0x000000000001da9b      0x1eb Drivers/STM32F3xx_HAL_Driver/Src/stm32f3xx_hal_uart.o
 .debug_macro   0x000000000001dc86      0x1ce Drivers/STM32F3xx_HAL_Driver/Src/stm32f3xx_hal_uart_ex.o

.debug_line     0x0000000000000000     0xef28
 .debug_line    0x0000000000000000      0x112 Core/Src/PIDlib.o
 .debug_line    0x0000000000000112      0x39c Core/Src/Servo.o
 .debug_line    0x00000000000004ae      0x6c3 Core/Src/buzzer.o
 .debug_line    0x0000000000000b71      0x697 Core/Src/gpio.o
 .debug_line    0x0000000000001208      0x6bd Core/Src/i2c.o
 .debug_line    0x00000000000018c5      0x842 Core/Src/main.o
 .debug_line    0x0000000000002107      0xd3c Core/Src/mpu.o
 .debug_line    0x0000000000002e43      0x687 Core/Src/stm32f3xx_hal_msp.o
 .debug_line    0x00000000000034ca      0x74f Core/Src/stm32f3xx_it.o
 .debug_line    0x0000000000003c19      0x6a5 Core/Src/system_stm32f3xx.o
 .debug_line    0x00000000000042be      0x76a Core/Src/tim.o
 .debug_line    0x0000000000004a28      0x6f4 Core/Src/usart.o
 .debug_line    0x000000000000511c       0x85 Core/Startup/startup_stm32f303cctx.o
 .debug_line    0x00000000000051a1      0x862 Drivers/STM32F3xx_HAL_Driver/Src/stm32f3xx_hal.o
 .debug_line    0x0000000000005a03      0x997 Drivers/STM32F3xx_HAL_Driver/Src/stm32f3xx_hal_cortex.o
 .debug_line    0x000000000000639a      0x8a1 Drivers/STM32F3xx_HAL_Driver/Src/stm32f3xx_hal_dma.o
 .debug_line    0x0000000000006c3b      0x815 Drivers/STM32F3xx_HAL_Driver/Src/stm32f3xx_hal_gpio.o
 .debug_line    0x0000000000007450     0x1a6a Drivers/STM32F3xx_HAL_Driver/Src/stm32f3xx_hal_i2c.o
 .debug_line    0x0000000000008eba      0x7cb Drivers/STM32F3xx_HAL_Driver/Src/stm32f3xx_hal_i2c_ex.o
 .debug_line    0x0000000000009685      0xdda Drivers/STM32F3xx_HAL_Driver/Src/stm32f3xx_hal_rcc.o
 .debug_line    0x000000000000a45f      0x953 Drivers/STM32F3xx_HAL_Driver/Src/stm32f3xx_hal_rcc_ex.o
 .debug_line    0x000000000000adb2     0x1b2e Drivers/STM32F3xx_HAL_Driver/Src/stm32f3xx_hal_tim.o
 .debug_line    0x000000000000c8e0      0xd28 Drivers/STM32F3xx_HAL_Driver/Src/stm32f3xx_hal_tim_ex.o
 .debug_line    0x000000000000d608     0x11a0 Drivers/STM32F3xx_HAL_Driver/Src/stm32f3xx_hal_uart.o
 .debug_line    0x000000000000e7a8      0x780 Drivers/STM32F3xx_HAL_Driver/Src/stm32f3xx_hal_uart_ex.o

.debug_str      0x0000000000000000    0xa0ca5
 .debug_str     0x0000000000000000     0x32b4 Core/Src/PIDlib.o
                                       0x32c5 (size before relaxing)
 .debug_str     0x00000000000032b4      0xec6 Core/Src/Servo.o
                                       0x4121 (size before relaxing)
 .debug_str     0x000000000000417a    0x91a7c Core/Src/buzzer.o
                                      0x95ac6 (size before relaxing)
 .debug_str     0x0000000000095bf6      0x3cf Core/Src/gpio.o
                                      0x95a46 (size before relaxing)
 .debug_str     0x0000000000095fc5      0x28c Core/Src/i2c.o
                                      0x95acd (size before relaxing)
 .debug_str     0x0000000000096251     0x1487 Core/Src/main.o
                                      0x97974 (size before relaxing)
 .debug_str     0x00000000000976d8     0x56ac Core/Src/mpu.o
                                      0x9bf18 (size before relaxing)
 .debug_str     0x000000000009cd84       0x2c Core/Src/stm32f3xx_hal_msp.o
                                      0x95579 (size before relaxing)
 .debug_str     0x000000000009cdb0       0xd2 Core/Src/stm32f3xx_it.o
                                      0x959e7 (size before relaxing)
 .debug_str     0x000000000009ce82       0xd1 Core/Src/system_stm32f3xx.o
                                      0x95564 (size before relaxing)
 .debug_str     0x000000000009cf53      0x18e Core/Src/tim.o
                                      0x95fbe (size before relaxing)
 .debug_str     0x000000000009d0e1       0x6b Core/Src/usart.o
                                      0x95e6c (size before relaxing)
 .debug_str     0x000000000009d14c       0x36 Core/Startup/startup_stm32f303cctx.o
                                         0x74 (size before relaxing)
 .debug_str     0x000000000009d182      0x3bd Drivers/STM32F3xx_HAL_Driver/Src/stm32f3xx_hal.o
                                      0x95cec (size before relaxing)
 .debug_str     0x000000000009d53f      0x3cd Drivers/STM32F3xx_HAL_Driver/Src/stm32f3xx_hal_cortex.o
                                      0x95dfa (size before relaxing)
 .debug_str     0x000000000009d90c      0x248 Drivers/STM32F3xx_HAL_Driver/Src/stm32f3xx_hal_dma.o
                                      0x958ca (size before relaxing)
 .debug_str     0x000000000009db54      0x1f0 Drivers/STM32F3xx_HAL_Driver/Src/stm32f3xx_hal_gpio.o
                                      0x957b6 (size before relaxing)
 .debug_str     0x000000000009dd44      0xe32 Drivers/STM32F3xx_HAL_Driver/Src/stm32f3xx_hal_i2c.o
                                      0x967a4 (size before relaxing)
 .debug_str     0x000000000009eb76       0xf3 Drivers/STM32F3xx_HAL_Driver/Src/stm32f3xx_hal_i2c_ex.o
                                      0x95a87 (size before relaxing)
 .debug_str     0x000000000009ec69      0x2f9 Drivers/STM32F3xx_HAL_Driver/Src/stm32f3xx_hal_rcc.o
                                      0x959be (size before relaxing)
 .debug_str     0x000000000009ef62       0xd8 Drivers/STM32F3xx_HAL_Driver/Src/stm32f3xx_hal_rcc_ex.o
                                      0x95782 (size before relaxing)
 .debug_str     0x000000000009f03a      0xd84 Drivers/STM32F3xx_HAL_Driver/Src/stm32f3xx_hal_tim.o
                                      0x96751 (size before relaxing)
 .debug_str     0x000000000009fdbe      0x591 Drivers/STM32F3xx_HAL_Driver/Src/stm32f3xx_hal_tim_ex.o
                                      0x95f58 (size before relaxing)
 .debug_str     0x00000000000a034f      0x7f6 Drivers/STM32F3xx_HAL_Driver/Src/stm32f3xx_hal_uart.o
                                      0x9611e (size before relaxing)
 .debug_str     0x00000000000a0b45      0x160 Drivers/STM32F3xx_HAL_Driver/Src/stm32f3xx_hal_uart_ex.o
                                      0x959e6 (size before relaxing)

.comment        0x0000000000000000       0x7b
 .comment       0x0000000000000000       0x7b Core/Src/PIDlib.o
                                         0x7c (size before relaxing)
 .comment       0x000000000000007b       0x7c Core/Src/Servo.o
 .comment       0x000000000000007b       0x7c Core/Src/buzzer.o
 .comment       0x000000000000007b       0x7c Core/Src/gpio.o
 .comment       0x000000000000007b       0x7c Core/Src/i2c.o
 .comment       0x000000000000007b       0x7c Core/Src/main.o
 .comment       0x000000000000007b       0x7c Core/Src/mpu.o
 .comment       0x000000000000007b       0x7c Core/Src/stm32f3xx_hal_msp.o
 .comment       0x000000000000007b       0x7c Core/Src/stm32f3xx_it.o
 .comment       0x000000000000007b       0x7c Core/Src/system_stm32f3xx.o
 .comment       0x000000000000007b       0x7c Core/Src/tim.o
 .comment       0x000000000000007b       0x7c Core/Src/usart.o
 .comment       0x000000000000007b       0x7c Drivers/STM32F3xx_HAL_Driver/Src/stm32f3xx_hal.o
 .comment       0x000000000000007b       0x7c Drivers/STM32F3xx_HAL_Driver/Src/stm32f3xx_hal_cortex.o
 .comment       0x000000000000007b       0x7c Drivers/STM32F3xx_HAL_Driver/Src/stm32f3xx_hal_dma.o
 .comment       0x000000000000007b       0x7c Drivers/STM32F3xx_HAL_Driver/Src/stm32f3xx_hal_gpio.o
 .comment       0x000000000000007b       0x7c Drivers/STM32F3xx_HAL_Driver/Src/stm32f3xx_hal_i2c.o
 .comment       0x000000000000007b       0x7c Drivers/STM32F3xx_HAL_Driver/Src/stm32f3xx_hal_i2c_ex.o
 .comment       0x000000000000007b       0x7c Drivers/STM32F3xx_HAL_Driver/Src/stm32f3xx_hal_rcc.o
 .comment       0x000000000000007b       0x7c Drivers/STM32F3xx_HAL_Driver/Src/stm32f3xx_hal_rcc_ex.o
 .comment       0x000000000000007b       0x7c Drivers/STM32F3xx_HAL_Driver/Src/stm32f3xx_hal_tim.o
 .comment       0x000000000000007b       0x7c Drivers/STM32F3xx_HAL_Driver/Src/stm32f3xx_hal_tim_ex.o
 .comment       0x000000000000007b       0x7c Drivers/STM32F3xx_HAL_Driver/Src/stm32f3xx_hal_uart.o
 .comment       0x000000000000007b       0x7c Drivers/STM32F3xx_HAL_Driver/Src/stm32f3xx_hal_uart_ex.o

.debug_frame    0x0000000000000000     0x4b4c
 .debug_frame   0x0000000000000000      0x1c8 Core/Src/PIDlib.o
 .debug_frame   0x00000000000001c8       0x88 Core/Src/Servo.o
 .debug_frame   0x0000000000000250       0x6c Core/Src/buzzer.o
 .debug_frame   0x00000000000002bc       0x34 Core/Src/gpio.o
 .debug_frame   0x00000000000002f0       0x74 Core/Src/i2c.o
 .debug_frame   0x0000000000000364      0x130 Core/Src/main.o
 .debug_frame   0x0000000000000494      0x3d0 Core/Src/mpu.o
 .debug_frame   0x0000000000000864       0x38 Core/Src/stm32f3xx_hal_msp.o
 .debug_frame   0x000000000000089c      0x144 Core/Src/stm32f3xx_it.o
 .debug_frame   0x00000000000009e0       0x58 Core/Src/system_stm32f3xx.o
 .debug_frame   0x0000000000000a38      0x138 Core/Src/tim.o
 .debug_frame   0x0000000000000b70       0x90 Core/Src/usart.o
 .debug_frame   0x0000000000000c00      0x334 Drivers/STM32F3xx_HAL_Driver/Src/stm32f3xx_hal.o
 .debug_frame   0x0000000000000f34      0x498 Drivers/STM32F3xx_HAL_Driver/Src/stm32f3xx_hal_cortex.o
 .debug_frame   0x00000000000013cc      0x224 Drivers/STM32F3xx_HAL_Driver/Src/stm32f3xx_hal_dma.o
 .debug_frame   0x00000000000015f0      0x14c Drivers/STM32F3xx_HAL_Driver/Src/stm32f3xx_hal_gpio.o
 .debug_frame   0x000000000000173c      0xbe8 Drivers/STM32F3xx_HAL_Driver/Src/stm32f3xx_hal_i2c.o
 .debug_frame   0x0000000000002324      0x100 Drivers/STM32F3xx_HAL_Driver/Src/stm32f3xx_hal_i2c_ex.o
 .debug_frame   0x0000000000002424      0x214 Drivers/STM32F3xx_HAL_Driver/Src/stm32f3xx_hal_rcc.o
 .debug_frame   0x0000000000002638       0xb4 Drivers/STM32F3xx_HAL_Driver/Src/stm32f3xx_hal_rcc_ex.o
 .debug_frame   0x00000000000026ec     0x1190 Drivers/STM32F3xx_HAL_Driver/Src/stm32f3xx_hal_tim.o
 .debug_frame   0x000000000000387c      0x610 Drivers/STM32F3xx_HAL_Driver/Src/stm32f3xx_hal_tim_ex.o
 .debug_frame   0x0000000000003e8c      0x970 Drivers/STM32F3xx_HAL_Driver/Src/stm32f3xx_hal_uart.o
 .debug_frame   0x00000000000047fc      0x120 Drivers/STM32F3xx_HAL_Driver/Src/stm32f3xx_hal_uart_ex.o
 .debug_frame   0x000000000000491c       0x2c /opt/st/stm32cubeide_1.3.0/plugins/com.st.stm32cube.ide.mcu.externaltools.gnu-tools-for-stm32.7-2018-q2-update.linux64_1.4.0.202007081208/tools/bin/../lib/gcc/arm-none-eabi/7.3.1/../../../../arm-none-eabi/lib/thumb/v7e-m/fpv4-sp/hard/libc_nano.a(lib_a-init.o)
 .debug_frame   0x0000000000004948       0x20 /opt/st/stm32cubeide_1.3.0/plugins/com.st.stm32cube.ide.mcu.externaltools.gnu-tools-for-stm32.7-2018-q2-update.linux64_1.4.0.202007081208/tools/bin/../lib/gcc/arm-none-eabi/7.3.1/../../../../arm-none-eabi/lib/thumb/v7e-m/fpv4-sp/hard/libc_nano.a(lib_a-memset.o)
 .debug_frame   0x0000000000004968       0xac /opt/st/stm32cubeide_1.3.0/plugins/com.st.stm32cube.ide.mcu.externaltools.gnu-tools-for-stm32.7-2018-q2-update.linux64_1.4.0.202007081208/tools/bin/../lib/gcc/arm-none-eabi/7.3.1/thumb/v7e-m/fpv4-sp/hard/libgcc.a(_arm_addsubdf3.o)
 .debug_frame   0x0000000000004a14       0x50 /opt/st/stm32cubeide_1.3.0/plugins/com.st.stm32cube.ide.mcu.externaltools.gnu-tools-for-stm32.7-2018-q2-update.linux64_1.4.0.202007081208/tools/bin/../lib/gcc/arm-none-eabi/7.3.1/thumb/v7e-m/fpv4-sp/hard/libgcc.a(_arm_muldivdf3.o)
 .debug_frame   0x0000000000004a64       0xc4 /opt/st/stm32cubeide_1.3.0/plugins/com.st.stm32cube.ide.mcu.externaltools.gnu-tools-for-stm32.7-2018-q2-update.linux64_1.4.0.202007081208/tools/bin/../lib/gcc/arm-none-eabi/7.3.1/thumb/v7e-m/fpv4-sp/hard/libgcc.a(_arm_cmpdf2.o)
 .debug_frame   0x0000000000004b28       0x24 /opt/st/stm32cubeide_1.3.0/plugins/com.st.stm32cube.ide.mcu.externaltools.gnu-tools-for-stm32.7-2018-q2-update.linux64_1.4.0.202007081208/tools/bin/../lib/gcc/arm-none-eabi/7.3.1/thumb/v7e-m/fpv4-sp/hard/libgcc.a(_arm_truncdfsf2.o)
