mpu.cpp:12:1:Mpu::Mpu(I2C_HandleTypeDef*)	16	static
mpu.cpp:18:6:void Mpu::mpu_set_gyro_range(MPU_gyro_range)	16	static
mpu.cpp:23:6:void Mpu::mpu_set_accel_range(MPU_accel_range)	16	static
mpu.cpp:28:6:void Mpu::mpu_set_fifo_enable(uint8_t)	16	static
mpu.cpp:32:6:void Mpu::mpu_set_interrupt(uint8_t, uint8_t)	16	static
mpu.cpp:37:9:uint8_t Mpu::mpu_get_int_status()	40	static
mpu.cpp:44:7:float Mpu::mpu_read_temp_norm()	24	static
mpu.cpp:48:6:void Mpu::mpu_read_acc_raw(int16_t*)	40	static
mpu.cpp:57:6:void Mpu::mpu_read_gyro_raw(int16_t*)	40	static
mpu.cpp:66:6:void Mpu::mpu_read_gyro_raw_cal(int16_t*)	40	static
mpu.cpp:75:6:void Mpu::mpu_read_acc_norm(float*)	24	static
mpu.cpp:84:9:int16_t Mpu::mpu_read_temp_raw()	40	static
mpu.cpp:91:6:void Mpu::mpu_read_gyro_norm(float*)	24	static
mpu.cpp:100:6:void Mpu::mpu_read_all_raw(mpu_raw_data_t*)	48	static
mpu.cpp:113:6:void Mpu::mpu_read_all_raw_cal(mpu_raw_data_t*)	48	static
mpu.cpp:126:6:void Mpu::mpu_read_all_norm(mpu_norm_data_t*)	40	static
mpu.cpp:139:6:void Mpu::mpu_set_fifo_cfg(uint8_t)	16	static
mpu.cpp:143:6:void Mpu::mpu_set_power_cfg(uint8_t, uint8_t, MPU_wakeup_freq, MPU_clk_source)	16	static
mpu.cpp:148:10:uint16_t Mpu::mpu_get_fifo_count()	40	static
mpu.cpp:155:9:uint8_t Mpu::mpu_fifo_read()	40	static
mpu.cpp:162:6:void Mpu::mpu_fifo_write(uint8_t)	16	static
mpu.cpp:166:9:uint8_t Mpu::mpu_check_whoami()	40	static
mpu.cpp:174:6:void Mpu::mpu_set_samplerate_div(uint8_t)	16	static
mpu.cpp:178:6:void Mpu::mpu_set_lowpass(MPU_lpf_freq)	16	static
mpu.cpp:182:6:void Mpu::mpu_gyro_calibrate(uint8_t, GPIO_TypeDef*, uint16_t)	48	static
mpu.cpp:214:19:HAL_StatusTypeDef Mpu::mpu_write_byte(uint8_t, uint8_t)	32	static
